-- Logs begin at Mon 2018-05-28 08:06:30 CST, end at Mon 2018-05-28 13:50:07 CST. --
May 28 08:06:30 ubuntu systemd-journald[364]: Runtime journal (/run/log/journal/) is 4.9M, max 39.3M, 34.3M free.
May 28 08:06:30 ubuntu kernel: Initializing cgroup subsys cpuset
May 28 08:06:30 ubuntu kernel: Initializing cgroup subsys cpu
May 28 08:06:30 ubuntu kernel: Initializing cgroup subsys cpuacct
May 28 08:06:30 ubuntu kernel: Linux version 4.4.0-116-generic (buildd@lgw01-amd64-023) (gcc version 5.4.0 20160609 (Ubuntu 5.4.0-6ubuntu1~16.04.9) ) #140-Ubuntu SMP Mon Feb 12 21:22:43 UTC 2018 (Ubuntu 4.4.0-116.140-generic 4.4.98)
May 28 08:06:30 ubuntu kernel: KERNEL supported cpus:
May 28 08:06:30 ubuntu kernel:   Intel GenuineIntel
May 28 08:06:30 ubuntu kernel:   AMD AuthenticAMD
May 28 08:06:30 ubuntu kernel:   NSC Geode by NSC
May 28 08:06:30 ubuntu kernel:   Cyrix CyrixInstead
May 28 08:06:30 ubuntu kernel:   Centaur CentaurHauls
May 28 08:06:30 ubuntu kernel:   Transmeta GenuineTMx86
May 28 08:06:30 ubuntu kernel:   Transmeta TransmetaCPU
May 28 08:06:30 ubuntu kernel:   UMC UMC UMC UMC
May 28 08:06:30 ubuntu kernel: x86/fpu: xstate_offset[2]:  576, xstate_sizes[2]:  256
May 28 08:06:30 ubuntu kernel: x86/fpu: Supporting XSAVE feature 0x01: 'x87 floating point registers'
May 28 08:06:30 ubuntu kernel: x86/fpu: Supporting XSAVE feature 0x02: 'SSE registers'
May 28 08:06:30 ubuntu kernel: x86/fpu: Supporting XSAVE feature 0x04: 'AVX registers'
May 28 08:06:30 ubuntu kernel: x86/fpu: Enabled xstate features 0x7, context size is 832 bytes, using 'standard' format.
May 28 08:06:30 ubuntu kernel: x86/fpu: Using 'eager' FPU context switches.
May 28 08:06:30 ubuntu kernel: e820: BIOS-provided physical RAM map:
May 28 08:06:30 ubuntu kernel: BIOS-e820: [mem 0x0000000000000000-0x000000000009d7ff] usable
May 28 08:06:30 ubuntu kernel: BIOS-e820: [mem 0x000000000009d800-0x000000000009ffff] reserved
May 28 08:06:30 ubuntu kernel: BIOS-e820: [mem 0x00000000000e0000-0x00000000000fffff] reserved
May 28 08:06:30 ubuntu kernel: BIOS-e820: [mem 0x0000000000100000-0x000000001fffffff] usable
May 28 08:06:30 ubuntu kernel: BIOS-e820: [mem 0x0000000020000000-0x00000000201fffff] reserved
May 28 08:06:30 ubuntu kernel: BIOS-e820: [mem 0x0000000020200000-0x0000000040003fff] usable
May 28 08:06:30 ubuntu kernel: BIOS-e820: [mem 0x0000000040004000-0x0000000040004fff] reserved
May 28 08:06:30 ubuntu kernel: BIOS-e820: [mem 0x0000000040005000-0x00000000d8b09fff] usable
May 28 08:06:30 ubuntu kernel: BIOS-e820: [mem 0x00000000d8b0a000-0x00000000d8dc7fff] reserved
May 28 08:06:30 ubuntu kernel: BIOS-e820: [mem 0x00000000d8dc8000-0x00000000d8dd4fff] ACPI data
May 28 08:06:30 ubuntu kernel: BIOS-e820: [mem 0x00000000d8dd5000-0x00000000d8e30fff] reserved
May 28 08:06:30 ubuntu kernel: BIOS-e820: [mem 0x00000000d8e31000-0x00000000d8e36fff] ACPI data
May 28 08:06:30 ubuntu kernel: BIOS-e820: [mem 0x00000000d8e37000-0x00000000d8ed9fff] usable
May 28 08:06:30 ubuntu kernel: BIOS-e820: [mem 0x00000000d8eda000-0x00000000d8feafff] ACPI NVS
May 28 08:06:30 ubuntu kernel: BIOS-e820: [mem 0x00000000d8feb000-0x00000000d94a9fff] reserved
May 28 08:06:30 ubuntu kernel: BIOS-e820: [mem 0x00000000d94aa000-0x00000000d94aafff] usable
May 28 08:06:30 ubuntu kernel: BIOS-e820: [mem 0x00000000d94ab000-0x00000000d94edfff] ACPI NVS
May 28 08:06:30 ubuntu kernel: BIOS-e820: [mem 0x00000000d94ee000-0x00000000d9d54fff] usable
May 28 08:06:30 ubuntu kernel: BIOS-e820: [mem 0x00000000d9d55000-0x00000000d9ff1fff] reserved
May 28 08:06:30 ubuntu kernel: BIOS-e820: [mem 0x00000000d9ff2000-0x00000000d9ffffff] usable
May 28 08:06:30 ubuntu kernel: BIOS-e820: [mem 0x00000000db000000-0x00000000df1fffff] reserved
May 28 08:06:30 ubuntu kernel: BIOS-e820: [mem 0x00000000f8000000-0x00000000fbffffff] reserved
May 28 08:06:30 ubuntu kernel: BIOS-e820: [mem 0x00000000fec00000-0x00000000fec00fff] reserved
May 28 08:06:30 ubuntu kernel: BIOS-e820: [mem 0x00000000fed00000-0x00000000fed03fff] reserved
May 28 08:06:30 ubuntu kernel: BIOS-e820: [mem 0x00000000fed1c000-0x00000000fed1ffff] reserved
May 28 08:06:30 ubuntu kernel: BIOS-e820: [mem 0x00000000fee00000-0x00000000fee00fff] reserved
May 28 08:06:30 ubuntu kernel: BIOS-e820: [mem 0x00000000ff000000-0x00000000ffffffff] reserved
May 28 08:06:30 ubuntu kernel: BIOS-e820: [mem 0x0000000100000000-0x000000011fdfffff] usable
May 28 08:06:30 ubuntu kernel: NX (Execute Disable) protection: active
May 28 08:06:30 ubuntu kernel: SMBIOS 2.7 present.
May 28 08:06:30 ubuntu kernel: DMI: Hewlett-Packard HP Pro 3340 MT/17A1, BIOS 8.07 01/24/2013
May 28 08:06:30 ubuntu kernel: e820: update [mem 0x00000000-0x00000fff] usable ==> reserved
May 28 08:06:30 ubuntu kernel: e820: remove [mem 0x000a0000-0x000fffff] usable
May 28 08:06:30 ubuntu kernel: e820: last_pfn = 0x11fe00 max_arch_pfn = 0x1000000
May 28 08:06:30 ubuntu kernel: MTRR default type: uncachable
May 28 08:06:30 ubuntu kernel: MTRR fixed ranges enabled:
May 28 08:06:30 ubuntu kernel:   00000-9FFFF write-back
May 28 08:06:30 ubuntu kernel:   A0000-BFFFF uncachable
May 28 08:06:30 ubuntu kernel:   C0000-CFFFF write-protect
May 28 08:06:30 ubuntu kernel:   D0000-E7FFF uncachable
May 28 08:06:30 ubuntu kernel:   E8000-FFFFF write-protect
May 28 08:06:30 ubuntu kernel: MTRR variable ranges enabled:
May 28 08:06:30 ubuntu kernel:   0 base 000000000 mask F00000000 write-back
May 28 08:06:30 ubuntu kernel:   1 base 100000000 mask FE0000000 write-back
May 28 08:06:30 ubuntu kernel:   2 base 0E0000000 mask FE0000000 uncachable
May 28 08:06:30 ubuntu kernel:   3 base 0DC000000 mask FFC000000 uncachable
May 28 08:06:30 ubuntu kernel:   4 base 0DB000000 mask FFF000000 uncachable
May 28 08:06:30 ubuntu kernel:   5 base 11FE00000 mask FFFE00000 uncachable
May 28 08:06:30 ubuntu kernel:   6 disabled
May 28 08:06:30 ubuntu kernel:   7 disabled
May 28 08:06:30 ubuntu kernel:   8 disabled
May 28 08:06:30 ubuntu kernel:   9 disabled
May 28 08:06:30 ubuntu kernel: x86/PAT: Configuration [0-7]: WB  WC  UC- UC  WB  WC  UC- WT  
May 28 08:06:30 ubuntu kernel: original variable MTRRs
May 28 08:06:30 ubuntu kernel: reg 0, base: 0GB, range: 4GB, type WB
May 28 08:06:30 ubuntu kernel: reg 1, base: 4GB, range: 512MB, type WB
May 28 08:06:30 ubuntu kernel: reg 2, base: 3584MB, range: 512MB, type UC
May 28 08:06:30 ubuntu kernel: reg 3, base: 3520MB, range: 64MB, type UC
May 28 08:06:30 ubuntu kernel: reg 4, base: 3504MB, range: 16MB, type UC
May 28 08:06:30 ubuntu kernel: reg 5, base: 4606MB, range: 2MB, type UC
May 28 08:06:30 ubuntu kernel: total RAM covered: 4014M
May 28 08:06:30 ubuntu kernel: Found optimal setting for mtrr clean up
May 28 08:06:30 ubuntu kernel:  gran_size: 64K         chunk_size: 128M         num_reg: 7          lose cover RAM: 0G
May 28 08:06:30 ubuntu kernel: New variable MTRRs
May 28 08:06:30 ubuntu kernel: reg 0, base: 0GB, range: 2GB, type WB
May 28 08:06:30 ubuntu kernel: reg 1, base: 2GB, range: 1GB, type WB
May 28 08:06:30 ubuntu kernel: reg 2, base: 3GB, range: 512MB, type WB
May 28 08:06:30 ubuntu kernel: reg 3, base: 3504MB, range: 16MB, type UC
May 28 08:06:30 ubuntu kernel: reg 4, base: 3520MB, range: 64MB, type UC
May 28 08:06:30 ubuntu kernel: reg 5, base: 4GB, range: 512MB, type WB
May 28 08:06:30 ubuntu kernel: reg 6, base: 4606MB, range: 2MB, type UC
May 28 08:06:30 ubuntu kernel: e820: update [mem 0xdb000000-0xffffffff] usable ==> reserved
May 28 08:06:30 ubuntu kernel: found SMP MP-table at [mem 0x000fd7c0-0x000fd7cf] mapped at [c00fd7c0]
May 28 08:06:30 ubuntu kernel: Scanning 1 areas for low memory corruption
May 28 08:06:30 ubuntu kernel: initial memory mapped: [mem 0x00000000-0x021fffff]
May 28 08:06:30 ubuntu kernel: Base memory trampoline at [c0099000] 99000 size 16384
May 28 08:06:30 ubuntu kernel: BRK [0x01d80000, 0x01d80fff] PGTABLE
May 28 08:06:30 ubuntu kernel: BRK [0x01d81000, 0x01d81fff] PGTABLE
May 28 08:06:30 ubuntu kernel: RAMDISK: [mem 0x33912000-0x35c80fff]
May 28 08:06:30 ubuntu kernel: ACPI: Early table checksum verification disabled
May 28 08:06:30 ubuntu kernel: ACPI: RSDP 0x00000000000F0490 000024 (v02 HPQOEM)
May 28 08:06:30 ubuntu kernel: ACPI: XSDT 0x00000000D8DC8078 000074 (v01 HPQOEM SLIC-CPC 01072009 AMI  00010013)
May 28 08:06:30 ubuntu kernel: ACPI: FACP 0x00000000D8DD2368 0000F4 (v04 HPQOEM SLIC-CPC 01072009 AMI  00010013)
May 28 08:06:30 ubuntu kernel: ACPI: DSDT 0x00000000D8DC8180 00A1E4 (v02 HPQOEM SLIC-CPC 00000807 INTL 20051117)
May 28 08:06:30 ubuntu kernel: ACPI: FACS 0x00000000D8FE9F80 000040
May 28 08:06:30 ubuntu kernel: ACPI: APIC 0x00000000D8DD2460 000072 (v03 HPQOEM SLIC-CPC 01072009 AMI  00010013)
May 28 08:06:30 ubuntu kernel: ACPI: FPDT 0x00000000D8DD24D8 000044 (v01 HPQOEM SLIC-CPC 01072009 AMI  00010013)
May 28 08:06:30 ubuntu kernel: ACPI: MCFG 0x00000000D8DD2520 00003C (v01 HPQOEM SLIC-CPC 01072009 MSFT 00000097)
May 28 08:06:30 ubuntu kernel: ACPI: HPET 0x00000000D8DD2560 000038 (v01 HPQOEM SLIC-CPC 01072009 AMI. 00000005)
May 28 08:06:30 ubuntu kernel: ACPI: SSDT 0x00000000D8DD2598 00036D (v01 HPQOEM SLIC-CPC 00001000 INTL 20091112)
May 28 08:06:30 ubuntu kernel: ACPI: SSDT 0x00000000D8DD2908 0009AA (v01 HPQOEM SLIC-CPC 00003000 INTL 20051117)
May 28 08:06:30 ubuntu kernel: ACPI: SSDT 0x00000000D8DD32B8 000A92 (v01 HPQOEM SLIC-CPC 00003000 INTL 20051117)
May 28 08:06:30 ubuntu kernel: ACPI: DBGP 0x00000000D8DD3D50 000034 (v01 HPQOEM SLIC-CPC 01072009 AMI  00010013)
May 28 08:06:30 ubuntu kernel: ACPI: SSDT 0x00000000D8DD3D88 00084A (v01 HPQOEM SLIC-CPC 00000001 MSFT 03000001)
May 28 08:06:30 ubuntu kernel: ACPI: Local APIC address 0xfee00000
May 28 08:06:30 ubuntu kernel: 3714MB HIGHMEM available.
May 28 08:06:30 ubuntu kernel: 891MB LOWMEM available.
May 28 08:06:30 ubuntu kernel:   mapped low ram: 0 - 37bfe000
May 28 08:06:30 ubuntu kernel:   low ram: 0 - 37bfe000
May 28 08:06:30 ubuntu kernel: Zone ranges:
May 28 08:06:30 ubuntu kernel:   DMA      [mem 0x0000000000001000-0x0000000000ffffff]
May 28 08:06:30 ubuntu kernel:   Normal   [mem 0x0000000001000000-0x0000000037bfdfff]
May 28 08:06:30 ubuntu kernel:   HighMem  [mem 0x0000000037bfe000-0x000000011fdfffff]
May 28 08:06:30 ubuntu kernel: Movable zone start for each node
May 28 08:06:30 ubuntu kernel: Early memory node ranges
May 28 08:06:30 ubuntu kernel:   node   0: [mem 0x0000000000001000-0x000000000009cfff]
May 28 08:06:30 ubuntu kernel:   node   0: [mem 0x0000000000100000-0x000000001fffffff]
May 28 08:06:30 ubuntu kernel:   node   0: [mem 0x0000000020200000-0x0000000040003fff]
May 28 08:06:30 ubuntu kernel:   node   0: [mem 0x0000000040005000-0x00000000d8b09fff]
May 28 08:06:30 ubuntu kernel:   node   0: [mem 0x00000000d8e37000-0x00000000d8ed9fff]
May 28 08:06:30 ubuntu kernel:   node   0: [mem 0x00000000d94aa000-0x00000000d94aafff]
May 28 08:06:30 ubuntu kernel:   node   0: [mem 0x00000000d94ee000-0x00000000d9d54fff]
May 28 08:06:30 ubuntu kernel:   node   0: [mem 0x00000000d9ff2000-0x00000000d9ffffff]
May 28 08:06:30 ubuntu kernel:   node   0: [mem 0x0000000100000000-0x000000011fdfffff]
May 28 08:06:30 ubuntu kernel: Initmem setup node 0 [mem 0x0000000000001000-0x000000011fdfffff]
May 28 08:06:30 ubuntu kernel: On node 0 totalpages: 1019838
May 28 08:06:30 ubuntu kernel:   DMA zone: 40 pages used for memmap
May 28 08:06:30 ubuntu kernel:   DMA zone: 0 pages reserved
May 28 08:06:30 ubuntu kernel:   DMA zone: 3996 pages, LIFO batch:0
May 28 08:06:30 ubuntu kernel:   Normal zone: 2190 pages used for memmap
May 28 08:06:30 ubuntu kernel:   Normal zone: 223742 pages, LIFO batch:31
May 28 08:06:30 ubuntu kernel:   HighMem zone: 792100 pages, LIFO batch:31
May 28 08:06:30 ubuntu kernel: Using APIC driver default
May 28 08:06:30 ubuntu kernel: Reserving Intel graphics stolen memory at 0xdb200000-0xdf1fffff
May 28 08:06:30 ubuntu kernel: ACPI: PM-Timer IO Port: 0x408
May 28 08:06:30 ubuntu kernel: ACPI: Local APIC address 0xfee00000
May 28 08:06:30 ubuntu kernel: ACPI: LAPIC_NMI (acpi_id[0xff] high edge lint[0x1])
May 28 08:06:30 ubuntu kernel: IOAPIC[0]: apic_id 2, version 32, address 0xfec00000, GSI 0-23
May 28 08:06:30 ubuntu kernel: ACPI: INT_SRC_OVR (bus 0 bus_irq 0 global_irq 2 dfl dfl)
May 28 08:06:30 ubuntu kernel: ACPI: INT_SRC_OVR (bus 0 bus_irq 9 global_irq 9 high level)
May 28 08:06:30 ubuntu kernel: ACPI: IRQ0 used by override.
May 28 08:06:30 ubuntu kernel: ACPI: IRQ9 used by override.
May 28 08:06:30 ubuntu kernel: Using ACPI (MADT) for SMP configuration information
May 28 08:06:30 ubuntu kernel: ACPI: HPET id: 0x8086a701 base: 0xfed00000
May 28 08:06:30 ubuntu kernel: smpboot: Allowing 4 CPUs, 0 hotplug CPUs
May 28 08:06:30 ubuntu kernel: PM: Registered nosave memory: [mem 0x00000000-0x00000fff]
May 28 08:06:30 ubuntu kernel: PM: Registered nosave memory: [mem 0x0009d000-0x0009dfff]
May 28 08:06:30 ubuntu kernel: PM: Registered nosave memory: [mem 0x0009e000-0x0009ffff]
May 28 08:06:30 ubuntu kernel: PM: Registered nosave memory: [mem 0x000a0000-0x000dffff]
May 28 08:06:30 ubuntu kernel: PM: Registered nosave memory: [mem 0x000e0000-0x000fffff]
May 28 08:06:30 ubuntu kernel: PM: Registered nosave memory: [mem 0x20000000-0x201fffff]
May 28 08:06:30 ubuntu kernel: e820: [mem 0xdf200000-0xf7ffffff] available for PCI devices
May 28 08:06:30 ubuntu kernel: Booting paravirtualized kernel on bare hardware
May 28 08:06:30 ubuntu kernel: clocksource: refined-jiffies: mask: 0xffffffff max_cycles: 0xffffffff, max_idle_ns: 7645519600211568 ns
May 28 08:06:30 ubuntu kernel: setup_percpu: NR_CPUS:8 nr_cpumask_bits:8 nr_cpu_ids:4 nr_node_ids:1
May 28 08:06:30 ubuntu kernel: PERCPU: Embedded 19 pages/cpu @f5d8b000 s47436 r0 d30388 u77824
May 28 08:06:30 ubuntu kernel: pcpu-alloc: s47436 r0 d30388 u77824 alloc=19*4096
May 28 08:06:30 ubuntu kernel: pcpu-alloc: [0] 0 [0] 1 [0] 2 [0] 3 
May 28 08:06:30 ubuntu kernel: Built 1 zonelists in Zone order, mobility grouping on.  Total pages: 1017608
May 28 08:06:30 ubuntu kernel: Kernel command line: BOOT_IMAGE=/boot/vmlinuz-4.4.0-116-generic root=UUID=0f04cff1-48ea-4c53-b1cf-2e1edbe54393 ro
May 28 08:06:30 ubuntu kernel: PID hash table entries: 4096 (order: 2, 16384 bytes)
May 28 08:06:30 ubuntu kernel: Dentry cache hash table entries: 131072 (order: 7, 524288 bytes)
May 28 08:06:30 ubuntu kernel: Inode-cache hash table entries: 65536 (order: 6, 262144 bytes)
May 28 08:06:30 ubuntu kernel: Initializing CPU#0
May 28 08:06:30 ubuntu kernel: Initializing HighMem for node 0 (00037bfe:0011fe00)
May 28 08:06:30 ubuntu kernel: Initializing Movable for node 0 (00000000:00000000)
May 28 08:06:30 ubuntu kernel: Memory: 3986944K/4079352K available (8007K kernel code, 781K rwdata, 3172K rodata, 948K init, 800K bss, 92408K reserved, 0K cma-reserved, 3168400K highmem)
May 28 08:06:30 ubuntu kernel: virtual kernel memory layout:
                                   fixmap  : 0xfff15000 - 0xfffff000   ( 936 kB)
                                   pkmap   : 0xffc00000 - 0xffe00000   (2048 kB)
                                   vmalloc : 0xf83fe000 - 0xffbfe000   ( 120 MB)
                                   lowmem  : 0xc0000000 - 0xf7bfe000   ( 891 MB)
                                     .init : 0xc1bb2000 - 0xc1c9f000   ( 948 kB)
                                     .data : 0xc17d2134 - 0xc1bb0780   (3961 kB)
                                     .text : 0xc1000000 - 0xc17d2134   (8008 kB)
May 28 08:06:30 ubuntu kernel: Checking if this processor honours the WP bit even in supervisor mode...Ok.
May 28 08:06:30 ubuntu kernel: SLUB: HWalign=64, Order=0-3, MinObjects=0, CPUs=4, Nodes=1
May 28 08:06:30 ubuntu kernel: Hierarchical RCU implementation.
May 28 08:06:30 ubuntu kernel:         Build-time adjustment of leaf fanout to 32.
May 28 08:06:30 ubuntu kernel:         RCU restricting CPUs from NR_CPUS=8 to nr_cpu_ids=4.
May 28 08:06:30 ubuntu kernel: RCU: Adjusting geometry for rcu_fanout_leaf=32, nr_cpu_ids=4
May 28 08:06:30 ubuntu kernel: NR_IRQS:2304 nr_irqs:456 16
May 28 08:06:30 ubuntu kernel: CPU 0 irqstacks, hard=f2838000 soft=f283a000
May 28 08:06:30 ubuntu kernel: Console: colour dummy device 80x25
May 28 08:06:30 ubuntu kernel: console [tty0] enabled
May 28 08:06:30 ubuntu kernel: allocated 4194304 bytes of page_ext
May 28 08:06:30 ubuntu kernel: clocksource: hpet: mask: 0xffffffff max_cycles: 0xffffffff, max_idle_ns: 133484882848 ns
May 28 08:06:30 ubuntu kernel: hpet clockevent registered
May 28 08:06:30 ubuntu kernel: tsc: Fast TSC calibration using PIT
May 28 08:06:30 ubuntu kernel: tsc: Detected 3292.316 MHz processor
May 28 08:06:30 ubuntu kernel: Calibrating delay loop (skipped), value calculated using timer frequency.. 6584.63 BogoMIPS (lpj=13169264)
May 28 08:06:30 ubuntu kernel: pid_max: default: 32768 minimum: 301
May 28 08:06:30 ubuntu kernel: ACPI: Core revision 20150930
May 28 08:06:30 ubuntu kernel: ACPI: 5 ACPI AML tables successfully acquired and loaded
May 28 08:06:30 ubuntu kernel: Security Framework initialized
May 28 08:06:30 ubuntu kernel: Yama: becoming mindful.
May 28 08:06:30 ubuntu kernel: AppArmor: AppArmor initialized
May 28 08:06:30 ubuntu kernel: Mount-cache hash table entries: 2048 (order: 1, 8192 bytes)
May 28 08:06:30 ubuntu kernel: Mountpoint-cache hash table entries: 2048 (order: 1, 8192 bytes)
May 28 08:06:30 ubuntu kernel: Initializing cgroup subsys io
May 28 08:06:30 ubuntu kernel: Initializing cgroup subsys memory
May 28 08:06:30 ubuntu kernel: Initializing cgroup subsys devices
May 28 08:06:30 ubuntu kernel: Initializing cgroup subsys freezer
May 28 08:06:30 ubuntu kernel: Initializing cgroup subsys net_cls
May 28 08:06:30 ubuntu kernel: Initializing cgroup subsys perf_event
May 28 08:06:30 ubuntu kernel: Initializing cgroup subsys net_prio
May 28 08:06:30 ubuntu kernel: Initializing cgroup subsys hugetlb
May 28 08:06:30 ubuntu kernel: Initializing cgroup subsys pids
May 28 08:06:30 ubuntu kernel: CPU: Physical Processor ID: 0
May 28 08:06:30 ubuntu kernel: CPU: Processor Core ID: 0
May 28 08:06:30 ubuntu kernel: ENERGY_PERF_BIAS: Set to 'normal', was 'performance'
May 28 08:06:30 ubuntu kernel: ENERGY_PERF_BIAS: View and update with x86_energy_perf_policy(8)
May 28 08:06:30 ubuntu kernel: FEATURE SPEC_CTRL Not Present
May 28 08:06:30 ubuntu kernel: mce: CPU supports 7 MCE banks
May 28 08:06:30 ubuntu kernel: CPU0: Thermal monitoring enabled (TM1)
May 28 08:06:30 ubuntu kernel: process: using mwait in idle threads
May 28 08:06:30 ubuntu kernel: Last level iTLB entries: 4KB 512, 2MB 8, 4MB 8
May 28 08:06:30 ubuntu kernel: Last level dTLB entries: 4KB 512, 2MB 32, 4MB 32, 1GB 0
May 28 08:06:30 ubuntu kernel: Spectre V2 mitigation: Mitigation: Full generic retpoline
May 28 08:06:30 ubuntu kernel: Spectre V2 mitigation: Speculation control IBPB not-supported IBRS not-supported
May 28 08:06:30 ubuntu kernel: Freeing SMP alternatives memory: 28K
May 28 08:06:30 ubuntu kernel: ftrace: allocating 31457 entries in 62 pages
May 28 08:06:30 ubuntu kernel: smpboot: APIC(0) Converting physical 0 to logical package 0
May 28 08:06:30 ubuntu kernel: smpboot: Max logical packages: 2
May 28 08:06:30 ubuntu kernel: Enabling APIC mode:  Flat.  Using 1 I/O APICs
May 28 08:06:30 ubuntu kernel: ..TIMER: vector=0x30 apic1=0 pin1=2 apic2=-1 pin2=-1
May 28 08:06:30 ubuntu kernel: TSC deadline timer enabled
May 28 08:06:30 ubuntu kernel: smpboot: CPU0: Intel(R) Core(TM) i3-3220 CPU @ 3.30GHz (family: 0x6, model: 0x3a, stepping: 0x9)
May 28 08:06:30 ubuntu kernel: Performance Events: PEBS fmt1+, 16-deep LBR, IvyBridge events, full-width counters, Intel PMU driver.
May 28 08:06:30 ubuntu kernel: ... version:                3
May 28 08:06:30 ubuntu kernel: ... bit width:              48
May 28 08:06:30 ubuntu kernel: ... generic registers:      4
May 28 08:06:30 ubuntu kernel: ... value mask:             0000ffffffffffff
May 28 08:06:30 ubuntu kernel: ... max period:             00007fffffffffff
May 28 08:06:30 ubuntu kernel: ... fixed-purpose events:   3
May 28 08:06:30 ubuntu kernel: ... event mask:             000000070000000f
May 28 08:06:30 ubuntu kernel: CPU 1 irqstacks, hard=f2176000 soft=f2180000
May 28 08:06:30 ubuntu kernel: x86: Booting SMP configuration:
May 28 08:06:30 ubuntu kernel: .... node  #0, CPUs:      #1
May 28 08:06:30 ubuntu kernel: Initializing CPU#1
May 28 08:06:30 ubuntu kernel: NMI watchdog: enabled on all CPUs, permanently consumes one hw-PMU counter.
May 28 08:06:30 ubuntu kernel: CPU 2 irqstacks, hard=f223e000 soft=f2240000
May 28 08:06:30 ubuntu kernel:  #2
May 28 08:06:30 ubuntu kernel: Initializing CPU#2
May 28 08:06:30 ubuntu kernel: CPU 3 irqstacks, hard=f22b2000 soft=f22b4000
May 28 08:06:30 ubuntu kernel:  #3
May 28 08:06:30 ubuntu kernel: Initializing CPU#3
May 28 08:06:30 ubuntu kernel: x86: Booted up 1 node, 4 CPUs
May 28 08:06:30 ubuntu kernel: smpboot: Total of 4 processors activated (26338.52 BogoMIPS)
May 28 08:06:30 ubuntu kernel: devtmpfs: initialized
May 28 08:06:30 ubuntu kernel: evm: security.selinux
May 28 08:06:30 ubuntu kernel: evm: security.SMACK64
May 28 08:06:30 ubuntu kernel: evm: security.SMACK64EXEC
May 28 08:06:30 ubuntu kernel: evm: security.SMACK64TRANSMUTE
May 28 08:06:30 ubuntu kernel: evm: security.SMACK64MMAP
May 28 08:06:30 ubuntu kernel: evm: security.ima
May 28 08:06:30 ubuntu kernel: evm: security.capability
May 28 08:06:30 ubuntu kernel: PM: Registering ACPI NVS region [mem 0xd8eda000-0xd8feafff] (1118208 bytes)
May 28 08:06:30 ubuntu kernel: PM: Registering ACPI NVS region [mem 0xd94ab000-0xd94edfff] (274432 bytes)
May 28 08:06:30 ubuntu kernel: clocksource: jiffies: mask: 0xffffffff max_cycles: 0xffffffff, max_idle_ns: 7645041785100000 ns
May 28 08:06:30 ubuntu kernel: futex hash table entries: 1024 (order: 4, 65536 bytes)
May 28 08:06:30 ubuntu kernel: pinctrl core: initialized pinctrl subsystem
May 28 08:06:30 ubuntu kernel: RTC time:  0:06:25, date: 05/28/18
May 28 08:06:30 ubuntu kernel: NET: Registered protocol family 16
May 28 08:06:30 ubuntu kernel: EISA bus registered
May 28 08:06:30 ubuntu kernel: cpuidle: using governor ladder
May 28 08:06:30 ubuntu kernel: cpuidle: using governor menu
May 28 08:06:30 ubuntu kernel: PCCT header not found.
May 28 08:06:30 ubuntu kernel: ACPI: bus type PCI registered
May 28 08:06:30 ubuntu kernel: acpiphp: ACPI Hot Plug PCI Controller Driver version: 0.5
May 28 08:06:30 ubuntu kernel: PCI: MMCONFIG for domain 0000 [bus 00-3f] at [mem 0xf8000000-0xfbffffff] (base 0xf8000000)
May 28 08:06:30 ubuntu kernel: PCI: MMCONFIG at [mem 0xf8000000-0xfbffffff] reserved in E820
May 28 08:06:30 ubuntu kernel: PCI: Using MMCONFIG for extended config space
May 28 08:06:30 ubuntu kernel: PCI: Using configuration type 1 for base access
May 28 08:06:30 ubuntu kernel: core: PMU erratum BJ122, BV98, HSD29 worked around, HT is on
May 28 08:06:30 ubuntu kernel: ACPI: Added _OSI(Module Device)
May 28 08:06:30 ubuntu kernel: ACPI: Added _OSI(Processor Device)
May 28 08:06:30 ubuntu kernel: ACPI: Added _OSI(3.0 _SCP Extensions)
May 28 08:06:30 ubuntu kernel: ACPI: Added _OSI(Processor Aggregator Device)
May 28 08:06:30 ubuntu kernel: ACPI: Executed 1 blocks of module-level executable AML code
May 28 08:06:30 ubuntu kernel: ACPI: Dynamic OEM Table Load:
May 28 08:06:30 ubuntu kernel: ACPI: SSDT 0x00000000F2210000 00083B (v01 PmRef  Cpu0Cst  00003001 INTL 20051117)
May 28 08:06:30 ubuntu kernel: ACPI: Dynamic OEM Table Load:
May 28 08:06:30 ubuntu kernel: ACPI: SSDT 0x00000000F2185C00 000303 (v01 PmRef  ApIst    00003000 INTL 20051117)
May 28 08:06:30 ubuntu kernel: ACPI: Dynamic OEM Table Load:
May 28 08:06:30 ubuntu kernel: ACPI: SSDT 0x00000000F2372400 000119 (v01 PmRef  ApCst    00003000 INTL 20051117)
May 28 08:06:30 ubuntu kernel: ACPI: Interpreter enabled
May 28 08:06:30 ubuntu kernel: ACPI: (supports S0 S3 S4 S5)
May 28 08:06:30 ubuntu kernel: ACPI: Using IOAPIC for interrupt routing
May 28 08:06:30 ubuntu kernel: PCI: Using host bridge windows from ACPI; if necessary, use "pci=nocrs" and report a bug
May 28 08:06:30 ubuntu kernel: ACPI: Power Resource [FN00] (off)
May 28 08:06:30 ubuntu kernel: ACPI: Power Resource [FN01] (off)
May 28 08:06:30 ubuntu kernel: ACPI: Power Resource [FN02] (off)
May 28 08:06:30 ubuntu kernel: ACPI: Power Resource [FN03] (off)
May 28 08:06:30 ubuntu kernel: ACPI: Power Resource [FN04] (off)
May 28 08:06:30 ubuntu kernel: ACPI: PCI Root Bridge [PCI0] (domain 0000 [bus 00-3e])
May 28 08:06:30 ubuntu kernel: acpi PNP0A08:00: _OSC: OS supports [ExtendedConfig ASPM ClockPM Segments MSI]
May 28 08:06:30 ubuntu kernel: acpi PNP0A08:00: _OSC: platform does not support [PCIeHotplug PME]
May 28 08:06:30 ubuntu kernel: acpi PNP0A08:00: _OSC: OS now controls [AER PCIeCapability]
May 28 08:06:30 ubuntu kernel: PCI host bridge to bus 0000:00
May 28 08:06:30 ubuntu kernel: pci_bus 0000:00: root bus resource [io  0x0000-0x0cf7 window]
May 28 08:06:30 ubuntu kernel: pci_bus 0000:00: root bus resource [io  0x0d00-0xffff window]
May 28 08:06:30 ubuntu kernel: pci_bus 0000:00: root bus resource [mem 0x000a0000-0x000bffff window]
May 28 08:06:30 ubuntu kernel: pci_bus 0000:00: root bus resource [mem 0x000d0000-0x000d3fff window]
May 28 08:06:30 ubuntu kernel: pci_bus 0000:00: root bus resource [mem 0x000d4000-0x000d7fff window]
May 28 08:06:30 ubuntu kernel: pci_bus 0000:00: root bus resource [mem 0x000d8000-0x000dbfff window]
May 28 08:06:30 ubuntu kernel: pci_bus 0000:00: root bus resource [mem 0x000dc000-0x000dffff window]
May 28 08:06:30 ubuntu kernel: pci_bus 0000:00: root bus resource [mem 0x000e0000-0x000e3fff window]
May 28 08:06:30 ubuntu kernel: pci_bus 0000:00: root bus resource [mem 0x000e4000-0x000e7fff window]
May 28 08:06:30 ubuntu kernel: pci_bus 0000:00: root bus resource [mem 0xdf200000-0xfeafffff window]
May 28 08:06:30 ubuntu kernel: pci_bus 0000:00: root bus resource [bus 00-3e]
May 28 08:06:30 ubuntu kernel: pci 0000:00:00.0: [8086:0150] type 00 class 0x060000
May 28 08:06:30 ubuntu kernel: pci 0000:00:01.0: [8086:0151] type 01 class 0x060400
May 28 08:06:30 ubuntu kernel: pci 0000:00:01.0: PME# supported from D0 D3hot D3cold
May 28 08:06:30 ubuntu kernel: pci 0000:00:01.0: System wakeup disabled by ACPI
May 28 08:06:30 ubuntu kernel: pci 0000:00:02.0: [8086:0152] type 00 class 0x030000
May 28 08:06:30 ubuntu kernel: pci 0000:00:02.0: reg 0x10: [mem 0xf7800000-0xf7bfffff 64bit]
May 28 08:06:30 ubuntu kernel: pci 0000:00:02.0: reg 0x18: [mem 0xe0000000-0xefffffff 64bit pref]
May 28 08:06:30 ubuntu kernel: pci 0000:00:02.0: reg 0x20: [io  0xf000-0xf03f]
May 28 08:06:30 ubuntu kernel: pci 0000:00:16.0: [8086:1c3a] type 00 class 0x078000
May 28 08:06:30 ubuntu kernel: pci 0000:00:16.0: reg 0x10: [mem 0xf7d0b000-0xf7d0b00f 64bit]
May 28 08:06:30 ubuntu kernel: pci 0000:00:16.0: PME# supported from D0 D3hot D3cold
May 28 08:06:30 ubuntu kernel: pci 0000:00:1a.0: [8086:1c2d] type 00 class 0x0c0320
May 28 08:06:30 ubuntu kernel: pci 0000:00:1a.0: reg 0x10: [mem 0xf7d08000-0xf7d083ff]
May 28 08:06:30 ubuntu kernel: pci 0000:00:1a.0: PME# supported from D0 D3hot D3cold
May 28 08:06:30 ubuntu kernel: pci 0000:00:1a.0: System wakeup disabled by ACPI
May 28 08:06:30 ubuntu kernel: pci 0000:00:1b.0: [8086:1c20] type 00 class 0x040300
May 28 08:06:30 ubuntu kernel: pci 0000:00:1b.0: reg 0x10: [mem 0xf7d00000-0xf7d03fff 64bit]
May 28 08:06:30 ubuntu kernel: pci 0000:00:1b.0: PME# supported from D0 D3hot D3cold
May 28 08:06:30 ubuntu kernel: pci 0000:00:1b.0: System wakeup disabled by ACPI
May 28 08:06:30 ubuntu kernel: pci 0000:00:1c.0: [8086:1c10] type 01 class 0x060400
May 28 08:06:30 ubuntu kernel: pci 0000:00:1c.0: PME# supported from D0 D3hot D3cold
May 28 08:06:30 ubuntu kernel: pci 0000:00:1c.0: System wakeup disabled by ACPI
May 28 08:06:30 ubuntu kernel: pci 0000:00:1c.3: [8086:1c16] type 01 class 0x060400
May 28 08:06:30 ubuntu kernel: pci 0000:00:1c.3: PME# supported from D0 D3hot D3cold
May 28 08:06:30 ubuntu kernel: pci 0000:00:1c.3: System wakeup disabled by ACPI
May 28 08:06:30 ubuntu kernel: pci 0000:00:1c.5: [8086:1c1a] type 01 class 0x060400
May 28 08:06:30 ubuntu kernel: pci 0000:00:1c.5: PME# supported from D0 D3hot D3cold
May 28 08:06:30 ubuntu kernel: pci 0000:00:1c.5: System wakeup disabled by ACPI
May 28 08:06:30 ubuntu kernel: pci 0000:00:1d.0: [8086:1c26] type 00 class 0x0c0320
May 28 08:06:30 ubuntu kernel: pci 0000:00:1d.0: reg 0x10: [mem 0xf7d07000-0xf7d073ff]
May 28 08:06:30 ubuntu kernel: pci 0000:00:1d.0: PME# supported from D0 D3hot D3cold
May 28 08:06:30 ubuntu kernel: pci 0000:00:1d.0: System wakeup disabled by ACPI
May 28 08:06:30 ubuntu kernel: pci 0000:00:1f.0: [8086:1c4a] type 00 class 0x060100
May 28 08:06:30 ubuntu kernel: pci 0000:00:1f.2: [8086:1c02] type 00 class 0x010601
May 28 08:06:30 ubuntu kernel: pci 0000:00:1f.2: reg 0x10: [io  0xf0b0-0xf0b7]
May 28 08:06:30 ubuntu kernel: pci 0000:00:1f.2: reg 0x14: [io  0xf0a0-0xf0a3]
May 28 08:06:30 ubuntu kernel: pci 0000:00:1f.2: reg 0x18: [io  0xf090-0xf097]
May 28 08:06:30 ubuntu kernel: pci 0000:00:1f.2: reg 0x1c: [io  0xf080-0xf083]
May 28 08:06:30 ubuntu kernel: pci 0000:00:1f.2: reg 0x20: [io  0xf060-0xf07f]
May 28 08:06:30 ubuntu kernel: pci 0000:00:1f.2: reg 0x24: [mem 0xf7d06000-0xf7d067ff]
May 28 08:06:30 ubuntu kernel: pci 0000:00:1f.2: PME# supported from D3hot
May 28 08:06:30 ubuntu kernel: pci 0000:00:1f.3: [8086:1c22] type 00 class 0x0c0500
May 28 08:06:30 ubuntu kernel: pci 0000:00:1f.3: reg 0x10: [mem 0xf7d05000-0xf7d050ff 64bit]
May 28 08:06:30 ubuntu kernel: pci 0000:00:1f.3: reg 0x20: [io  0xf040-0xf05f]
May 28 08:06:30 ubuntu kernel: pci 0000:00:01.0: PCI bridge to [bus 01]
May 28 08:06:30 ubuntu kernel: pci 0000:00:1c.0: PCI bridge to [bus 02]
May 28 08:06:30 ubuntu kernel: pci 0000:03:00.0: [1283:8893] type 01 class 0x060401
May 28 08:06:30 ubuntu kernel: pci 0000:03:00.0: supports D1 D2
May 28 08:06:30 ubuntu kernel: pci 0000:03:00.0: PME# supported from D0 D1 D2 D3hot D3cold
May 28 08:06:30 ubuntu kernel: pci 0000:03:00.0: System wakeup disabled by ACPI
May 28 08:06:30 ubuntu kernel: pci 0000:00:1c.3: PCI bridge to [bus 03-04]
May 28 08:06:30 ubuntu kernel: pci 0000:03:00.0: PCI bridge to [bus 04] (subtractive decode)
May 28 08:06:30 ubuntu kernel: pci 0000:05:00.0: [10ec:8168] type 00 class 0x020000
May 28 08:06:30 ubuntu kernel: pci 0000:05:00.0: reg 0x10: [io  0xe000-0xe0ff]
May 28 08:06:30 ubuntu kernel: pci 0000:05:00.0: reg 0x18: [mem 0xf7c00000-0xf7c00fff 64bit]
May 28 08:06:30 ubuntu kernel: pci 0000:05:00.0: reg 0x20: [mem 0xf0000000-0xf0003fff 64bit pref]
May 28 08:06:30 ubuntu kernel: pci 0000:05:00.0: supports D1 D2
May 28 08:06:30 ubuntu kernel: pci 0000:05:00.0: PME# supported from D0 D1 D2 D3hot D3cold
May 28 08:06:30 ubuntu kernel: pci 0000:05:00.0: System wakeup disabled by ACPI
May 28 08:06:30 ubuntu kernel: pci 0000:00:1c.5: PCI bridge to [bus 05]
May 28 08:06:30 ubuntu kernel: pci 0000:00:1c.5:   bridge window [io  0xe000-0xefff]
May 28 08:06:30 ubuntu kernel: pci 0000:00:1c.5:   bridge window [mem 0xf7c00000-0xf7cfffff]
May 28 08:06:30 ubuntu kernel: pci 0000:00:1c.5:   bridge window [mem 0xf0000000-0xf00fffff 64bit pref]
May 28 08:06:30 ubuntu kernel: pci_bus 0000:00: on NUMA node 0
May 28 08:06:30 ubuntu kernel: ACPI: PCI Interrupt Link [LNKA] (IRQs 3 4 5 6 10 *11 12 14 15)
May 28 08:06:30 ubuntu kernel: ACPI: PCI Interrupt Link [LNKB] (IRQs 3 4 5 6 10 *11 12 14 15)
May 28 08:06:30 ubuntu kernel: ACPI: PCI Interrupt Link [LNKC] (IRQs 3 4 *5 6 10 11 12 14 15)
May 28 08:06:30 ubuntu kernel: ACPI: PCI Interrupt Link [LNKD] (IRQs 3 4 5 6 *10 11 12 14 15)
May 28 08:06:30 ubuntu kernel: ACPI: PCI Interrupt Link [LNKE] (IRQs 3 4 5 6 10 11 12 14 15) *0, disabled.
May 28 08:06:30 ubuntu kernel: ACPI: PCI Interrupt Link [LNKF] (IRQs 3 4 5 6 10 11 12 14 15) *0, disabled.
May 28 08:06:30 ubuntu kernel: ACPI: PCI Interrupt Link [LNKG] (IRQs *3 4 5 6 10 11 12 14 15)
May 28 08:06:30 ubuntu kernel: ACPI: PCI Interrupt Link [LNKH] (IRQs 3 4 5 6 *10 11 12 14 15)
May 28 08:06:30 ubuntu kernel: ACPI: Enabled 4 GPEs in block 00 to 3F
May 28 08:06:30 ubuntu kernel: vgaarb: setting as boot device: PCI:0000:00:02.0
May 28 08:06:30 ubuntu kernel: vgaarb: device added: PCI:0000:00:02.0,decodes=io+mem,owns=io+mem,locks=none
May 28 08:06:30 ubuntu kernel: vgaarb: loaded
May 28 08:06:30 ubuntu kernel: vgaarb: bridge control possible 0000:00:02.0
May 28 08:06:30 ubuntu kernel: SCSI subsystem initialized
May 28 08:06:30 ubuntu kernel: libata version 3.00 loaded.
May 28 08:06:30 ubuntu kernel: ACPI: bus type USB registered
May 28 08:06:30 ubuntu kernel: usbcore: registered new interface driver usbfs
May 28 08:06:30 ubuntu kernel: usbcore: registered new interface driver hub
May 28 08:06:30 ubuntu kernel: usbcore: registered new device driver usb
May 28 08:06:30 ubuntu kernel: PCI: Using ACPI for IRQ routing
May 28 08:06:30 ubuntu kernel: PCI: pci_cache_line_size set to 64 bytes
May 28 08:06:30 ubuntu kernel: e820: reserve RAM buffer [mem 0x0009d800-0x0009ffff]
May 28 08:06:30 ubuntu kernel: e820: reserve RAM buffer [mem 0x40004000-0x43ffffff]
May 28 08:06:30 ubuntu kernel: e820: reserve RAM buffer [mem 0xd8b0a000-0xdbffffff]
May 28 08:06:30 ubuntu kernel: e820: reserve RAM buffer [mem 0xd8eda000-0xdbffffff]
May 28 08:06:30 ubuntu kernel: e820: reserve RAM buffer [mem 0xd94ab000-0xdbffffff]
May 28 08:06:30 ubuntu kernel: e820: reserve RAM buffer [mem 0xd9d55000-0xdbffffff]
May 28 08:06:30 ubuntu kernel: e820: reserve RAM buffer [mem 0xda000000-0xdbffffff]
May 28 08:06:30 ubuntu kernel: e820: reserve RAM buffer [mem 0x11fe00000-0x11fffffff]
May 28 08:06:30 ubuntu kernel: NetLabel: Initializing
May 28 08:06:30 ubuntu kernel: NetLabel:  domain hash size = 128
May 28 08:06:30 ubuntu kernel: NetLabel:  protocols = UNLABELED CIPSOv4
May 28 08:06:30 ubuntu kernel: NetLabel:  unlabeled traffic allowed by default
May 28 08:06:30 ubuntu kernel: hpet0: at MMIO 0xfed00000, IRQs 2, 8, 0, 0, 0, 0, 0, 0
May 28 08:06:30 ubuntu kernel: hpet0: 8 comparators, 64-bit 14.318180 MHz counter
May 28 08:06:30 ubuntu kernel: amd_nb: Cannot enumerate AMD northbridges
May 28 08:06:30 ubuntu kernel: clocksource: Switched to clocksource hpet
May 28 08:06:30 ubuntu kernel: AppArmor: AppArmor Filesystem Enabled
May 28 08:06:30 ubuntu kernel: pnp: PnP ACPI init
May 28 08:06:30 ubuntu kernel: system 00:00: [mem 0xfed40000-0xfed44fff] has been reserved
May 28 08:06:30 ubuntu kernel: system 00:00: Plug and Play ACPI device, IDs PNP0c01 (active)
May 28 08:06:30 ubuntu kernel: system 00:01: [io  0x0680-0x069f] has been reserved
May 28 08:06:30 ubuntu kernel: system 00:01: [io  0x1000-0x100f] has been reserved
May 28 08:06:30 ubuntu kernel: system 00:01: [io  0xffff] has been reserved
May 28 08:06:30 ubuntu kernel: system 00:01: [io  0xffff] has been reserved
May 28 08:06:30 ubuntu kernel: system 00:01: [io  0x0400-0x0453] could not be reserved
May 28 08:06:30 ubuntu kernel: system 00:01: [io  0x0458-0x047f] has been reserved
May 28 08:06:30 ubuntu kernel: system 00:01: [io  0x0500-0x057f] has been reserved
May 28 08:06:30 ubuntu kernel: system 00:01: [io  0x164e-0x164f] has been reserved
May 28 08:06:30 ubuntu kernel: system 00:01: Plug and Play ACPI device, IDs PNP0c02 (active)
May 28 08:06:30 ubuntu kernel: pnp 00:02: Plug and Play ACPI device, IDs PNP0b00 (active)
May 28 08:06:30 ubuntu kernel: system 00:03: [io  0x0454-0x0457] has been reserved
May 28 08:06:30 ubuntu kernel: system 00:03: Plug and Play ACPI device, IDs INT3f0d PNP0c02 (active)
May 28 08:06:30 ubuntu kernel: system 00:04: [io  0x0a00-0x0a1f] has been reserved
May 28 08:06:30 ubuntu kernel: system 00:04: [io  0x0a30-0x0a3f] has been reserved
May 28 08:06:30 ubuntu kernel: system 00:04: [io  0x0a20-0x0a2f] has been reserved
May 28 08:06:30 ubuntu kernel: system 00:04: Plug and Play ACPI device, IDs PNP0c02 (active)
May 28 08:06:30 ubuntu kernel: pnp 00:05: [dma 0 disabled]
May 28 08:06:30 ubuntu kernel: pnp 00:05: Plug and Play ACPI device, IDs PNP0501 (active)
May 28 08:06:30 ubuntu kernel: system 00:06: [io  0x04d0-0x04d1] has been reserved
May 28 08:06:30 ubuntu kernel: system 00:06: Plug and Play ACPI device, IDs PNP0c02 (active)
May 28 08:06:30 ubuntu kernel: system 00:07: [mem 0xfed1c000-0xfed1ffff] has been reserved
May 28 08:06:30 ubuntu kernel: system 00:07: [mem 0xfed10000-0xfed17fff] has been reserved
May 28 08:06:30 ubuntu kernel: system 00:07: [mem 0xfed18000-0xfed18fff] has been reserved
May 28 08:06:30 ubuntu kernel: system 00:07: [mem 0xfed19000-0xfed19fff] has been reserved
May 28 08:06:30 ubuntu kernel: system 00:07: [mem 0xf8000000-0xfbffffff] has been reserved
May 28 08:06:30 ubuntu kernel: system 00:07: [mem 0xfed20000-0xfed3ffff] has been reserved
May 28 08:06:30 ubuntu kernel: system 00:07: [mem 0xfed90000-0xfed93fff] has been reserved
May 28 08:06:30 ubuntu kernel: system 00:07: [mem 0xfed45000-0xfed8ffff] has been reserved
May 28 08:06:30 ubuntu kernel: system 00:07: [mem 0xff000000-0xffffffff] has been reserved
May 28 08:06:30 ubuntu kernel: system 00:07: [mem 0xfee00000-0xfeefffff] could not be reserved
May 28 08:06:30 ubuntu kernel: system 00:07: [mem 0xdf200000-0xdf200fff] has been reserved
May 28 08:06:30 ubuntu kernel: system 00:07: Plug and Play ACPI device, IDs PNP0c02 (active)
May 28 08:06:30 ubuntu kernel: system 00:08: [mem 0x20000000-0x201fffff] has been reserved
May 28 08:06:30 ubuntu kernel: system 00:08: [mem 0x40004000-0x40004fff] has been reserved
May 28 08:06:30 ubuntu kernel: system 00:08: Plug and Play ACPI device, IDs PNP0c01 (active)
May 28 08:06:30 ubuntu kernel: pnp: PnP ACPI: found 9 devices
May 28 08:06:30 ubuntu kernel: PnPBIOS: Disabled by ACPI PNP
May 28 08:06:30 ubuntu kernel: clocksource: acpi_pm: mask: 0xffffff max_cycles: 0xffffff, max_idle_ns: 2085701024 ns
May 28 08:06:30 ubuntu kernel: pci 0000:00:01.0: PCI bridge to [bus 01]
May 28 08:06:30 ubuntu kernel: pci 0000:00:1c.0: PCI bridge to [bus 02]
May 28 08:06:30 ubuntu kernel: pci 0000:03:00.0: PCI bridge to [bus 04]
May 28 08:06:30 ubuntu kernel: pci 0000:00:1c.3: PCI bridge to [bus 03-04]
May 28 08:06:30 ubuntu kernel: pci 0000:00:1c.5: PCI bridge to [bus 05]
May 28 08:06:30 ubuntu kernel: pci 0000:00:1c.5:   bridge window [io  0xe000-0xefff]
May 28 08:06:30 ubuntu kernel: pci 0000:00:1c.5:   bridge window [mem 0xf7c00000-0xf7cfffff]
May 28 08:06:30 ubuntu kernel: pci 0000:00:1c.5:   bridge window [mem 0xf0000000-0xf00fffff 64bit pref]
May 28 08:06:30 ubuntu kernel: pci_bus 0000:00: resource 4 [io  0x0000-0x0cf7 window]
May 28 08:06:30 ubuntu kernel: pci_bus 0000:00: resource 5 [io  0x0d00-0xffff window]
May 28 08:06:30 ubuntu kernel: pci_bus 0000:00: resource 6 [mem 0x000a0000-0x000bffff window]
May 28 08:06:30 ubuntu kernel: pci_bus 0000:00: resource 7 [mem 0x000d0000-0x000d3fff window]
May 28 08:06:30 ubuntu kernel: pci_bus 0000:00: resource 8 [mem 0x000d4000-0x000d7fff window]
May 28 08:06:30 ubuntu kernel: pci_bus 0000:00: resource 9 [mem 0x000d8000-0x000dbfff window]
May 28 08:06:30 ubuntu kernel: pci_bus 0000:00: resource 10 [mem 0x000dc000-0x000dffff window]
May 28 08:06:30 ubuntu kernel: pci_bus 0000:00: resource 11 [mem 0x000e0000-0x000e3fff window]
May 28 08:06:30 ubuntu kernel: pci_bus 0000:00: resource 12 [mem 0x000e4000-0x000e7fff window]
May 28 08:06:30 ubuntu kernel: pci_bus 0000:00: resource 13 [mem 0xdf200000-0xfeafffff window]
May 28 08:06:30 ubuntu kernel: pci_bus 0000:05: resource 0 [io  0xe000-0xefff]
May 28 08:06:30 ubuntu kernel: pci_bus 0000:05: resource 1 [mem 0xf7c00000-0xf7cfffff]
May 28 08:06:30 ubuntu kernel: pci_bus 0000:05: resource 2 [mem 0xf0000000-0xf00fffff 64bit pref]
May 28 08:06:30 ubuntu kernel: NET: Registered protocol family 2
May 28 08:06:30 ubuntu kernel: TCP established hash table entries: 8192 (order: 3, 32768 bytes)
May 28 08:06:30 ubuntu kernel: TCP bind hash table entries: 8192 (order: 4, 65536 bytes)
May 28 08:06:30 ubuntu kernel: TCP: Hash tables configured (established 8192 bind 8192)
May 28 08:06:30 ubuntu kernel: UDP hash table entries: 512 (order: 2, 16384 bytes)
May 28 08:06:30 ubuntu kernel: UDP-Lite hash table entries: 512 (order: 2, 16384 bytes)
May 28 08:06:30 ubuntu kernel: NET: Registered protocol family 1
May 28 08:06:30 ubuntu kernel: pci 0000:00:02.0: Video device with shadowed ROM
May 28 08:06:30 ubuntu kernel: PCI: CLS mismatch (64 != 32), using 64 bytes
May 28 08:06:30 ubuntu kernel: Unpacking initramfs...
May 28 08:06:30 ubuntu kernel: Freeing initrd memory: 36284K
May 28 08:06:30 ubuntu kernel: RAPL PMU detected, API unit is 2^-32 Joules, 3 fixed counters 163840 ms ovfl timer
May 28 08:06:30 ubuntu kernel: hw unit of domain pp0-core 2^-16 Joules
May 28 08:06:30 ubuntu kernel: hw unit of domain package 2^-16 Joules
May 28 08:06:30 ubuntu kernel: hw unit of domain pp1-gpu 2^-16 Joules
May 28 08:06:30 ubuntu kernel: Scanning for low memory corruption every 60 seconds
May 28 08:06:30 ubuntu kernel: audit: initializing netlink subsys (disabled)
May 28 08:06:30 ubuntu kernel: audit: type=2000 audit(1527465985.672:1): initialized
May 28 08:06:30 ubuntu kernel: Initialise system trusted keyring
May 28 08:06:30 ubuntu kernel: HugeTLB registered 2 MB page size, pre-allocated 0 pages
May 28 08:06:30 ubuntu kernel: zbud: loaded
May 28 08:06:30 ubuntu kernel: VFS: Disk quotas dquot_6.6.0
May 28 08:06:30 ubuntu kernel: VFS: Dquot-cache hash table entries: 1024 (order 0, 4096 bytes)
May 28 08:06:30 ubuntu kernel: squashfs: version 4.0 (2009/01/31) Phillip Lougher
May 28 08:06:30 ubuntu kernel: fuse init (API version 7.23)
May 28 08:06:30 ubuntu kernel: Key type big_key registered
May 28 08:06:30 ubuntu kernel: Allocating IMA MOK and blacklist keyrings.
May 28 08:06:30 ubuntu kernel: Key type asymmetric registered
May 28 08:06:30 ubuntu kernel: Asymmetric key parser 'x509' registered
May 28 08:06:30 ubuntu kernel: bounce: pool size: 64 pages
May 28 08:06:30 ubuntu kernel: Block layer SCSI generic (bsg) driver version 0.4 loaded (major 249)
May 28 08:06:30 ubuntu kernel: io scheduler noop registered
May 28 08:06:30 ubuntu kernel: io scheduler deadline registered (default)
May 28 08:06:30 ubuntu kernel: io scheduler cfq registered
May 28 08:06:30 ubuntu kernel: pci_hotplug: PCI Hot Plug PCI Core version: 0.5
May 28 08:06:30 ubuntu kernel: pciehp: PCI Express Hot Plug Controller Driver version: 0.4
May 28 08:06:30 ubuntu kernel: vesafb: mode is 640x480x32, linelength=2560, pages=0
May 28 08:06:30 ubuntu kernel: vesafb: scrolling: redraw
May 28 08:06:30 ubuntu kernel: vesafb: Truecolor: size=8:8:8:8, shift=24:16:8:0
May 28 08:06:30 ubuntu kernel: vesafb: framebuffer at 0xe0000000, mapped to 0xf8600000, using 1216k, total 1216k
May 28 08:06:30 ubuntu kernel: Console: switching to colour frame buffer device 80x30
May 28 08:06:30 ubuntu kernel: fb0: VESA VGA frame buffer device
May 28 08:06:30 ubuntu kernel: intel_idle: MWAIT substates: 0x1120
May 28 08:06:30 ubuntu kernel: intel_idle: v0.4.1 model 0x3A
May 28 08:06:30 ubuntu kernel: intel_idle: lapic_timer_reliable_states 0xffffffff
May 28 08:06:30 ubuntu kernel: input: Power Button as /devices/LNXSYSTM:00/LNXSYBUS:00/PNP0C0C:00/input/input0
May 28 08:06:30 ubuntu kernel: ACPI: Power Button [PWRB]
May 28 08:06:30 ubuntu kernel: input: Power Button as /devices/LNXSYSTM:00/LNXPWRBN:00/input/input1
May 28 08:06:30 ubuntu kernel: ACPI: Power Button [PWRF]
May 28 08:06:30 ubuntu kernel: thermal LNXTHERM:00: registered as thermal_zone0
May 28 08:06:30 ubuntu kernel: ACPI: Thermal Zone [TZ00] (28 C)
May 28 08:06:30 ubuntu kernel: thermal LNXTHERM:01: registered as thermal_zone1
May 28 08:06:30 ubuntu kernel: ACPI: Thermal Zone [TZ01] (30 C)
May 28 08:06:30 ubuntu kernel: GHES: HEST is not enabled!
May 28 08:06:30 ubuntu kernel: isapnp: Scanning for PnP cards...
May 28 08:06:30 ubuntu kernel: Serial: 8250/16550 driver, 32 ports, IRQ sharing enabled
May 28 08:06:30 ubuntu kernel: 00:05: ttyS0 at I/O 0x3f8 (irq = 4, base_baud = 115200) is a 16550A
May 28 08:06:30 ubuntu kernel: Linux agpgart interface v0.103
May 28 08:06:30 ubuntu kernel: loop: module loaded
May 28 08:06:30 ubuntu kernel: libphy: Fixed MDIO Bus: probed
May 28 08:06:30 ubuntu kernel: tun: Universal TUN/TAP device driver, 1.6
May 28 08:06:30 ubuntu kernel: tun: (C) 1999-2004 Max Krasnyansky <maxk@qualcomm.com>
May 28 08:06:30 ubuntu kernel: PPP generic driver version 2.4.2
May 28 08:06:30 ubuntu kernel: ehci_hcd: USB 2.0 'Enhanced' Host Controller (EHCI) Driver
May 28 08:06:30 ubuntu kernel: ehci-pci: EHCI PCI platform driver
May 28 08:06:30 ubuntu kernel: ehci-pci 0000:00:1a.0: EHCI Host Controller
May 28 08:06:30 ubuntu kernel: ehci-pci 0000:00:1a.0: new USB bus registered, assigned bus number 1
May 28 08:06:30 ubuntu kernel: ehci-pci 0000:00:1a.0: debug port 2
May 28 08:06:30 ubuntu kernel: ehci-pci 0000:00:1a.0: cache line size of 64 is not supported
May 28 08:06:30 ubuntu kernel: ehci-pci 0000:00:1a.0: irq 16, io mem 0xf7d08000
May 28 08:06:30 ubuntu kernel: ehci-pci 0000:00:1a.0: USB 2.0 started, EHCI 1.00
May 28 08:06:30 ubuntu kernel: usb usb1: New USB device found, idVendor=1d6b, idProduct=0002
May 28 08:06:30 ubuntu kernel: usb usb1: New USB device strings: Mfr=3, Product=2, SerialNumber=1
May 28 08:06:30 ubuntu kernel: usb usb1: Product: EHCI Host Controller
May 28 08:06:30 ubuntu kernel: usb usb1: Manufacturer: Linux 4.4.0-116-generic ehci_hcd
May 28 08:06:30 ubuntu kernel: usb usb1: SerialNumber: 0000:00:1a.0
May 28 08:06:30 ubuntu kernel: hub 1-0:1.0: USB hub found
May 28 08:06:30 ubuntu kernel: hub 1-0:1.0: 2 ports detected
May 28 08:06:30 ubuntu kernel: ehci-pci 0000:00:1d.0: EHCI Host Controller
May 28 08:06:30 ubuntu kernel: ehci-pci 0000:00:1d.0: new USB bus registered, assigned bus number 2
May 28 08:06:30 ubuntu kernel: ehci-pci 0000:00:1d.0: debug port 2
May 28 08:06:30 ubuntu kernel: ehci-pci 0000:00:1d.0: cache line size of 64 is not supported
May 28 08:06:30 ubuntu kernel: ehci-pci 0000:00:1d.0: irq 23, io mem 0xf7d07000
May 28 08:06:30 ubuntu kernel: ehci-pci 0000:00:1d.0: USB 2.0 started, EHCI 1.00
May 28 08:06:30 ubuntu kernel: usb usb2: New USB device found, idVendor=1d6b, idProduct=0002
May 28 08:06:30 ubuntu kernel: usb usb2: New USB device strings: Mfr=3, Product=2, SerialNumber=1
May 28 08:06:30 ubuntu kernel: usb usb2: Product: EHCI Host Controller
May 28 08:06:30 ubuntu kernel: usb usb2: Manufacturer: Linux 4.4.0-116-generic ehci_hcd
May 28 08:06:30 ubuntu kernel: usb usb2: SerialNumber: 0000:00:1d.0
May 28 08:06:30 ubuntu kernel: hub 2-0:1.0: USB hub found
May 28 08:06:30 ubuntu kernel: hub 2-0:1.0: 2 ports detected
May 28 08:06:30 ubuntu kernel: ehci-platform: EHCI generic platform driver
May 28 08:06:30 ubuntu kernel: ohci_hcd: USB 1.1 'Open' Host Controller (OHCI) Driver
May 28 08:06:30 ubuntu kernel: ohci-pci: OHCI PCI platform driver
May 28 08:06:30 ubuntu kernel: ohci-platform: OHCI generic platform driver
May 28 08:06:30 ubuntu kernel: uhci_hcd: USB Universal Host Controller Interface driver
May 28 08:06:30 ubuntu kernel: i8042: PNP: No PS/2 controller found. Probing ports directly.
May 28 08:06:30 ubuntu kernel: serio: i8042 KBD port at 0x60,0x64 irq 1
May 28 08:06:30 ubuntu kernel: serio: i8042 AUX port at 0x60,0x64 irq 12
May 28 08:06:30 ubuntu kernel: mousedev: PS/2 mouse device common for all mice
May 28 08:06:30 ubuntu kernel: rtc_cmos 00:02: RTC can wake from S4
May 28 08:06:30 ubuntu kernel: rtc_cmos 00:02: rtc core: registered rtc_cmos as rtc0
May 28 08:06:30 ubuntu kernel: rtc_cmos 00:02: alarms up to one month, y3k, 242 bytes nvram, hpet irqs
May 28 08:06:30 ubuntu kernel: i2c /dev entries driver
May 28 08:06:30 ubuntu kernel: device-mapper: uevent: version 1.0.3
May 28 08:06:30 ubuntu kernel: device-mapper: ioctl: 4.34.0-ioctl (2015-10-28) initialised: dm-devel@redhat.com
May 28 08:06:30 ubuntu kernel: platform eisa.0: Probing EISA bus 0
May 28 08:06:30 ubuntu kernel: platform eisa.0: EISA: Cannot allocate resource for mainboard
May 28 08:06:30 ubuntu kernel: platform eisa.0: Cannot allocate resource for EISA slot 1
May 28 08:06:30 ubuntu kernel: platform eisa.0: Cannot allocate resource for EISA slot 2
May 28 08:06:30 ubuntu kernel: platform eisa.0: Cannot allocate resource for EISA slot 3
May 28 08:06:30 ubuntu kernel: platform eisa.0: Cannot allocate resource for EISA slot 4
May 28 08:06:30 ubuntu kernel: platform eisa.0: Cannot allocate resource for EISA slot 5
May 28 08:06:30 ubuntu kernel: platform eisa.0: Cannot allocate resource for EISA slot 6
May 28 08:06:30 ubuntu kernel: platform eisa.0: Cannot allocate resource for EISA slot 7
May 28 08:06:30 ubuntu kernel: platform eisa.0: Cannot allocate resource for EISA slot 8
May 28 08:06:30 ubuntu kernel: platform eisa.0: EISA: Detected 0 cards
May 28 08:06:30 ubuntu kernel: cpufreq-nforce2: No nForce2 chipset.
May 28 08:06:30 ubuntu kernel: Intel P-state driver initializing.
May 28 08:06:30 ubuntu kernel: ledtrig-cpu: registered to indicate activity on CPUs
May 28 08:06:30 ubuntu kernel: NET: Registered protocol family 10
May 28 08:06:30 ubuntu kernel: NET: Registered protocol family 17
May 28 08:06:30 ubuntu kernel: Key type dns_resolver registered
May 28 08:06:30 ubuntu kernel: microcode: CPU0 sig=0x306a9, pf=0x2, revision=0x15
May 28 08:06:30 ubuntu kernel: microcode: CPU1 sig=0x306a9, pf=0x2, revision=0x15
May 28 08:06:30 ubuntu kernel: microcode: CPU2 sig=0x306a9, pf=0x2, revision=0x15
May 28 08:06:30 ubuntu kernel: microcode: CPU3 sig=0x306a9, pf=0x2, revision=0x15
May 28 08:06:30 ubuntu kernel: microcode: Microcode Update Driver: v2.01 <tigran@aivazian.fsnet.co.uk>, Peter Oruba
May 28 08:06:30 ubuntu kernel: Using IPI No-Shortcut mode
May 28 08:06:30 ubuntu kernel: registered taskstats version 1
May 28 08:06:30 ubuntu kernel: Loading compiled-in X.509 certificates
May 28 08:06:30 ubuntu kernel: Loaded X.509 cert 'Build time autogenerated kernel key: ff54afc682e3d37ddd1801097f0724ac37994f02'
May 28 08:06:30 ubuntu kernel: zswap: loaded using pool lzo/zbud
May 28 08:06:30 ubuntu kernel: Key type trusted registered
May 28 08:06:30 ubuntu kernel: Key type encrypted registered
May 28 08:06:30 ubuntu kernel: AppArmor: AppArmor sha1 policy hashing enabled
May 28 08:06:30 ubuntu kernel: ima: No TPM chip found, activating TPM-bypass!
May 28 08:06:30 ubuntu kernel: evm: HMAC attrs: 0x1
May 28 08:06:30 ubuntu kernel:   Magic number: 2:160:103
May 28 08:06:30 ubuntu kernel: rtc_cmos 00:02: setting system clock to 2018-05-28 00:06:25 UTC (1527465985)
May 28 08:06:30 ubuntu kernel: BIOS EDD facility v0.16 2004-Jun-25, 0 devices found
May 28 08:06:30 ubuntu kernel: EDD information not available.
May 28 08:06:30 ubuntu kernel: PM: Hibernation image not present or could not be loaded.
May 28 08:06:30 ubuntu kernel: isapnp: No Plug & Play device found
May 28 08:06:30 ubuntu kernel: Freeing unused kernel memory: 948K
May 28 08:06:30 ubuntu kernel: Write protecting the kernel text: 8012k
May 28 08:06:30 ubuntu kernel: Write protecting the kernel read-only data: 3176k
May 28 08:06:30 ubuntu kernel: NX-protecting the kernel data: 6324k
May 28 08:06:30 ubuntu kernel: random: systemd-udevd: uninitialized urandom read (16 bytes read, 0 bits of entropy available)
May 28 08:06:30 ubuntu kernel: random: udevadm: uninitialized urandom read (16 bytes read, 0 bits of entropy available)
May 28 08:06:30 ubuntu kernel: random: systemd-udevd: uninitialized urandom read (16 bytes read, 0 bits of entropy available)
May 28 08:06:30 ubuntu kernel: random: systemd-udevd: uninitialized urandom read (16 bytes read, 0 bits of entropy available)
May 28 08:06:30 ubuntu kernel: random: udevadm: uninitialized urandom read (16 bytes read, 0 bits of entropy available)
May 28 08:06:30 ubuntu kernel: random: udevadm: uninitialized urandom read (16 bytes read, 0 bits of entropy available)
May 28 08:06:30 ubuntu kernel: random: udevadm: uninitialized urandom read (16 bytes read, 0 bits of entropy available)
May 28 08:06:30 ubuntu kernel: random: udevadm: uninitialized urandom read (16 bytes read, 0 bits of entropy available)
May 28 08:06:30 ubuntu kernel: random: udevadm: uninitialized urandom read (16 bytes read, 0 bits of entropy available)
May 28 08:06:30 ubuntu kernel: random: udevadm: uninitialized urandom read (16 bytes read, 0 bits of entropy available)
May 28 08:06:30 ubuntu kernel: usb 1-1: new high-speed USB device number 2 using ehci-pci
May 28 08:06:30 ubuntu kernel: FUJITSU Extended Socket Network Device Driver - version 1.0 - Copyright (c) 2015 FUJITSU LIMITED
May 28 08:06:30 ubuntu kernel: wmi: Mapper loaded
May 28 08:06:30 ubuntu kernel: usb 2-1: new high-speed USB device number 2 using ehci-pci
May 28 08:06:30 ubuntu kernel: r8169 Gigabit Ethernet driver 2.3LK-NAPI loaded
May 28 08:06:30 ubuntu kernel: ahci 0000:00:1f.2: version 3.0
May 28 08:06:30 ubuntu kernel: r8169 0000:05:00.0 eth0: RTL8168e/8111e at 0xf8450000, 6c:3b:e5:1f:c2:93, XID 0c200000 IRQ 26
May 28 08:06:30 ubuntu kernel: r8169 0000:05:00.0 eth0: jumbo features [frames: 9200 bytes, tx checksumming: ko]
May 28 08:06:30 ubuntu kernel: [drm] Initialized drm 1.1.0 20060810
May 28 08:06:30 ubuntu kernel: ahci 0000:00:1f.2: AHCI 0001.0300 32 slots 6 ports 6 Gbps 0x30 impl SATA mode
May 28 08:06:30 ubuntu kernel: ahci 0000:00:1f.2: flags: 64bit ncq pm led clo pio slum part ems apst 
May 28 08:06:30 ubuntu kernel: scsi host0: ahci
May 28 08:06:30 ubuntu kernel: r8169 0000:05:00.0 enp5s0: renamed from eth0
May 28 08:06:30 ubuntu kernel: scsi host1: ahci
May 28 08:06:30 ubuntu kernel: scsi host2: ahci
May 28 08:06:30 ubuntu kernel: scsi host3: ahci
May 28 08:06:30 ubuntu kernel: scsi host4: ahci
May 28 08:06:30 ubuntu kernel: scsi host5: ahci
May 28 08:06:30 ubuntu kernel: ata1: DUMMY
May 28 08:06:30 ubuntu kernel: ata2: DUMMY
May 28 08:06:30 ubuntu kernel: ata3: DUMMY
May 28 08:06:30 ubuntu kernel: ata4: DUMMY
May 28 08:06:30 ubuntu kernel: ata5: SATA max UDMA/133 abar m2048@0xf7d06000 port 0xf7d06300 irq 25
May 28 08:06:30 ubuntu kernel: ata6: SATA max UDMA/133 abar m2048@0xf7d06000 port 0xf7d06380 irq 25
May 28 08:06:30 ubuntu kernel: [drm] Memory usable by graphics device = 2048M
May 28 08:06:30 ubuntu kernel: checking generic (e0000000 130000) vs hw (e0000000 10000000)
May 28 08:06:30 ubuntu kernel: fb: switching to inteldrmfb from VESA VGA
May 28 08:06:30 ubuntu kernel: Console: switching to colour dummy device 80x25
May 28 08:06:30 ubuntu kernel: [drm] Replacing VGA console driver
May 28 08:06:30 ubuntu kernel: [drm] Supports vblank timestamp caching Rev 2 (21.10.2013).
May 28 08:06:30 ubuntu kernel: [drm] Driver supports precise vblank timestamp query.
May 28 08:06:30 ubuntu kernel: vgaarb: device changed decodes: PCI:0000:00:02.0,olddecodes=io+mem,decodes=io+mem:owns=io+mem
May 28 08:06:30 ubuntu kernel: ACPI: Video Device [GFX0] (multi-head: yes  rom: no  post: no)
May 28 08:06:30 ubuntu kernel: acpi device:4a: registered as cooling_device9
May 28 08:06:30 ubuntu kernel: input: Video Bus as /devices/LNXSYSTM:00/LNXSYBUS:00/PNP0A08:00/LNXVIDEO:00/input/input5
May 28 08:06:30 ubuntu kernel: [drm] Initialized i915 1.6.0 20151010 for 0000:00:02.0 on minor 0
May 28 08:06:30 ubuntu kernel: fbcon: inteldrmfb (fb0) is primary device
May 28 08:06:30 ubuntu kernel: usb 1-1: New USB device found, idVendor=8087, idProduct=0024
May 28 08:06:30 ubuntu kernel: usb 1-1: New USB device strings: Mfr=0, Product=0, SerialNumber=0
May 28 08:06:30 ubuntu kernel: hub 1-1:1.0: USB hub found
May 28 08:06:30 ubuntu kernel: hub 1-1:1.0: 6 ports detected
May 28 08:06:30 ubuntu kernel: usb 2-1: New USB device found, idVendor=8087, idProduct=0024
May 28 08:06:30 ubuntu kernel: usb 2-1: New USB device strings: Mfr=0, Product=0, SerialNumber=0
May 28 08:06:30 ubuntu kernel: hub 2-1:1.0: USB hub found
May 28 08:06:30 ubuntu kernel: hub 2-1:1.0: 8 ports detected
May 28 08:06:30 ubuntu kernel: [drm:intel_set_pch_fifo_underrun_reporting [i915]] *ERROR* uncleared pch fifo underrun on pch transcoder A
May 28 08:06:30 ubuntu kernel: [drm:intel_pch_fifo_underrun_irq_handler [i915]] *ERROR* PCH transcoder A FIFO underrun
May 28 08:06:30 ubuntu kernel: Console: switching to colour frame buffer device 128x48
May 28 08:06:30 ubuntu kernel: i915 0000:00:02.0: fb0: inteldrmfb frame buffer device
May 28 08:06:30 ubuntu kernel: ata6: SATA link up 3.0 Gbps (SStatus 123 SControl 300)
May 28 08:06:30 ubuntu kernel: ata5: SATA link up 3.0 Gbps (SStatus 123 SControl 300)
May 28 08:06:30 ubuntu kernel: ata6.00: ACPI cmd ef/10:06:00:00:00:00 (SET FEATURES) succeeded
May 28 08:06:30 ubuntu kernel: ata6.00: ACPI cmd f5/00:00:00:00:00:00 (SECURITY FREEZE LOCK) filtered out
May 28 08:06:30 ubuntu kernel: ata6.00: ACPI cmd b1/c1:00:00:00:00:00 (DEVICE CONFIGURATION OVERLAY) filtered out
May 28 08:06:30 ubuntu kernel: ata5.00: ACPI cmd ef/10:06:00:00:00:00 (SET FEATURES) succeeded
May 28 08:06:30 ubuntu kernel: ata5.00: ACPI cmd f5/00:00:00:00:00:00 (SECURITY FREEZE LOCK) filtered out
May 28 08:06:30 ubuntu kernel: ata5.00: ACPI cmd b1/c1:00:00:00:00:00 (DEVICE CONFIGURATION OVERLAY) filtered out
May 28 08:06:30 ubuntu kernel: ata6.00: ATA-10: WDC WD10EZEX-08WN4A0, 02.01A02, max UDMA/100
May 28 08:06:30 ubuntu kernel: ata6.00: 1953525168 sectors, multi 16: LBA48 NCQ (depth 31/32), AA
May 28 08:06:30 ubuntu kernel: ata5.00: ATA-8: Hitachi HDS721050CLA660, JP2OA41A, max UDMA/133
May 28 08:06:30 ubuntu kernel: ata5.00: 976773168 sectors, multi 16: LBA48 NCQ (depth 31/32), AA
May 28 08:06:30 ubuntu kernel: ata6.00: ACPI cmd ef/10:06:00:00:00:00 (SET FEATURES) succeeded
May 28 08:06:30 ubuntu kernel: ata6.00: ACPI cmd f5/00:00:00:00:00:00 (SECURITY FREEZE LOCK) filtered out
May 28 08:06:30 ubuntu kernel: ata6.00: ACPI cmd b1/c1:00:00:00:00:00 (DEVICE CONFIGURATION OVERLAY) filtered out
May 28 08:06:30 ubuntu kernel: ata5.00: ACPI cmd ef/10:06:00:00:00:00 (SET FEATURES) succeeded
May 28 08:06:30 ubuntu kernel: ata5.00: ACPI cmd f5/00:00:00:00:00:00 (SECURITY FREEZE LOCK) filtered out
May 28 08:06:30 ubuntu kernel: ata5.00: ACPI cmd b1/c1:00:00:00:00:00 (DEVICE CONFIGURATION OVERLAY) filtered out
May 28 08:06:30 ubuntu kernel: ata6.00: configured for UDMA/100
May 28 08:06:30 ubuntu kernel: ata5.00: configured for UDMA/133
May 28 08:06:30 ubuntu kernel: scsi 4:0:0:0: Direct-Access     ATA      Hitachi HDS72105 A41A PQ: 0 ANSI: 5
May 28 08:06:30 ubuntu kernel: sd 4:0:0:0: [sda] 976773168 512-byte logical blocks: (500 GB/466 GiB)
May 28 08:06:30 ubuntu kernel: sd 4:0:0:0: Attached scsi generic sg0 type 0
May 28 08:06:30 ubuntu kernel: scsi 5:0:0:0: Direct-Access     ATA      WDC WD10EZEX-08W 1A02 PQ: 0 ANSI: 5
May 28 08:06:30 ubuntu kernel: sd 5:0:0:0: [sdb] 1953525168 512-byte logical blocks: (1.00 TB/932 GiB)
May 28 08:06:30 ubuntu kernel: sd 5:0:0:0: [sdb] 4096-byte physical blocks
May 28 08:06:30 ubuntu kernel: sd 5:0:0:0: Attached scsi generic sg1 type 0
May 28 08:06:30 ubuntu kernel: sd 5:0:0:0: [sdb] Write Protect is off
May 28 08:06:30 ubuntu kernel: sd 5:0:0:0: [sdb] Mode Sense: 00 3a 00 00
May 28 08:06:30 ubuntu kernel: sd 5:0:0:0: [sdb] Write cache: enabled, read cache: enabled, doesn't support DPO or FUA
May 28 08:06:30 ubuntu kernel: usb 1-1.4: new full-speed USB device number 3 using ehci-pci
May 28 08:06:30 ubuntu kernel: sd 4:0:0:0: [sda] Write Protect is off
May 28 08:06:30 ubuntu kernel: sd 4:0:0:0: [sda] Mode Sense: 00 3a 00 00
May 28 08:06:30 ubuntu kernel: sd 4:0:0:0: [sda] Write cache: enabled, read cache: enabled, doesn't support DPO or FUA
May 28 08:06:30 ubuntu kernel: usb 2-1.2: new low-speed USB device number 3 using ehci-pci
May 28 08:06:30 ubuntu kernel: usb 1-1.4: New USB device found, idVendor=24ae, idProduct=4005
May 28 08:06:30 ubuntu kernel: usb 1-1.4: New USB device strings: Mfr=1, Product=2, SerialNumber=0
May 28 08:06:30 ubuntu kernel: usb 1-1.4: Product: Rapoo Gaming Keyboard
May 28 08:06:30 ubuntu kernel: usb 1-1.4: Manufacturer: Rapoo
May 28 08:06:30 ubuntu kernel:  sdb: sdb1 sdb2 < sdb5 sdb6 sdb7 sdb8 sdb9 >
May 28 08:06:30 ubuntu kernel: sd 5:0:0:0: [sdb] Attached SCSI disk
May 28 08:06:30 ubuntu kernel: hidraw: raw HID events driver (C) Jiri Kosina
May 28 08:06:30 ubuntu kernel:  sda: sda1 sda2 < sda5 sda6 sda7 sda8 >
May 28 08:06:30 ubuntu kernel: sd 4:0:0:0: [sda] Attached SCSI disk
May 28 08:06:30 ubuntu kernel: usb 2-1.2: New USB device found, idVendor=093a, idProduct=2510
May 28 08:06:30 ubuntu kernel: usb 2-1.2: New USB device strings: Mfr=1, Product=2, SerialNumber=0
May 28 08:06:30 ubuntu kernel: usb 2-1.2: Product: USB Optical Mouse
May 28 08:06:30 ubuntu kernel: usb 2-1.2: Manufacturer: PixArt
May 28 08:06:30 ubuntu kernel: usbcore: registered new interface driver usbhid
May 28 08:06:30 ubuntu kernel: usbhid: USB HID core driver
May 28 08:06:30 ubuntu kernel: input: PixArt USB Optical Mouse as /devices/pci0000:00/0000:00:1d.0/usb2/2-1/2-1.2/2-1.2:1.0/0003:093A:2510.0001/input/input6
May 28 08:06:30 ubuntu kernel: hid-generic 0003:093A:2510.0001: input,hidraw0: USB HID v1.11 Mouse [PixArt USB Optical Mouse] on usb-0000:00:1d.0-1.2/input0
May 28 08:06:30 ubuntu kernel: input: Rapoo Rapoo Gaming Keyboard as /devices/pci0000:00/0000:00:1a.0/usb1/1-1/1-1.4/1-1.4:1.0/0003:24AE:4005.0002/input/input7
May 28 08:06:30 ubuntu kernel: hid-generic 0003:24AE:4005.0002: input,hidraw1: USB HID v1.10 Keyboard [Rapoo Rapoo Gaming Keyboard] on usb-0000:00:1a.0-1.4/input0
May 28 08:06:30 ubuntu kernel: input: Rapoo Rapoo Gaming Keyboard as /devices/pci0000:00/0000:00:1a.0/usb1/1-1/1-1.4/1-1.4:1.1/0003:24AE:4005.0003/input/input8
May 28 08:06:30 ubuntu kernel: tsc: Refined TSC clocksource calibration: 3292.522 MHz
May 28 08:06:30 ubuntu kernel: clocksource: tsc: mask: 0xffffffffffffffff max_cycles: 0x2f75b41de32, max_idle_ns: 440795328220 ns
May 28 08:06:30 ubuntu kernel: hid-generic 0003:24AE:4005.0003: input,hiddev0,hidraw2: USB HID v1.10 Mouse [Rapoo Rapoo Gaming Keyboard] on usb-0000:00:1a.0-1.4/input1
May 28 08:06:30 ubuntu kernel: hid-generic 0003:24AE:4005.0004: hiddev0,hidraw3: USB HID v1.10 Device [Rapoo Rapoo Gaming Keyboard] on usb-0000:00:1a.0-1.4/input2
May 28 08:06:30 ubuntu kernel: clocksource: Switched to clocksource tsc
May 28 08:06:30 ubuntu kernel: md: linear personality registered for level -1
May 28 08:06:30 ubuntu kernel: md: multipath personality registered for level -4
May 28 08:06:30 ubuntu kernel: md: raid0 personality registered for level 0
May 28 08:06:30 ubuntu kernel: md: raid1 personality registered for level 1
May 28 08:06:30 ubuntu kernel: raid6: mmxx1    gen()  5624 MB/s
May 28 08:06:30 ubuntu kernel: raid6: mmxx2    gen()  5998 MB/s
May 28 08:06:30 ubuntu kernel: raid6: sse1x1   gen()  4627 MB/s
May 28 08:06:30 ubuntu kernel: raid6: sse1x2   gen()  5772 MB/s
May 28 08:06:30 ubuntu kernel: raid6: sse2x1   gen()  9322 MB/s
May 28 08:06:30 ubuntu kernel: raid6: sse2x1   xor()  7245 MB/s
May 28 08:06:30 ubuntu kernel: raid6: sse2x2   gen() 11734 MB/s
May 28 08:06:30 ubuntu kernel: raid6: sse2x2   xor()  8161 MB/s
May 28 08:06:30 ubuntu kernel: raid6: using algorithm sse2x2 gen() 11734 MB/s
May 28 08:06:30 ubuntu kernel: raid6: .... xor() 8161 MB/s, rmw enabled
May 28 08:06:30 ubuntu kernel: raid6: using ssse3x1 recovery algorithm
May 28 08:06:30 ubuntu kernel: xor: automatically using best checksumming function:
May 28 08:06:30 ubuntu kernel:    avx       : 23231.000 MB/sec
May 28 08:06:30 ubuntu kernel: async_tx: api initialized (async)
May 28 08:06:30 ubuntu kernel: md: raid6 personality registered for level 6
May 28 08:06:30 ubuntu kernel: md: raid5 personality registered for level 5
May 28 08:06:30 ubuntu kernel: md: raid4 personality registered for level 4
May 28 08:06:30 ubuntu kernel: md: raid10 personality registered for level 10
May 28 08:06:30 ubuntu kernel: Btrfs loaded
May 28 08:06:30 ubuntu kernel: random: nonblocking pool is initialized
May 28 08:06:30 ubuntu kernel: EXT4-fs (sdb5): mounted filesystem with ordered data mode. Opts: (null)
May 28 08:06:30 ubuntu systemd[1]: systemd 229 running in system mode. (+PAM +AUDIT +SELINUX +IMA +APPARMOR +SMACK +SYSVINIT +UTMP +LIBCRYPTSETUP +GCRYPT +GNUTLS +ACL +XZ -LZ4 +SECCOMP +BLKID +ELFUTILS +KMOD -IDN)
May 28 08:06:30 ubuntu systemd[1]: Detected architecture x86.
May 28 08:06:30 ubuntu systemd[1]: Set hostname to <ubuntu>.
May 28 08:06:30 ubuntu systemd[1]: Listening on Journal Socket.
May 28 08:06:30 ubuntu systemd[1]: Listening on Journal Audit Socket.
May 28 08:06:30 ubuntu systemd[1]: Created slice System Slice.
May 28 08:06:30 ubuntu systemd[1]: Mounting Huge Pages File System...
May 28 08:06:30 ubuntu systemd[1]: Starting Create list of required static device nodes for the current kernel...
May 28 08:06:30 ubuntu systemd[1]: Starting Load Kernel Modules...
May 28 08:06:30 ubuntu systemd[1]: Listening on LVM2 metadata daemon socket.
May 28 08:06:30 ubuntu systemd[1]: Listening on LVM2 poll daemon socket.
May 28 08:06:30 ubuntu systemd[1]: Mounting Debug File System...
May 28 08:06:30 ubuntu systemd[1]: Reached target Encrypted Volumes.
May 28 08:06:30 ubuntu systemd[1]: Started Forward Password Requests to Wall Directory Watch.
May 28 08:06:30 ubuntu systemd[1]: Listening on Journal Socket (/dev/log).
May 28 08:06:30 ubuntu systemd[1]: Created slice User and Session Slice.
May 28 08:06:30 ubuntu systemd[1]: Reached target Slices.
May 28 08:06:30 ubuntu systemd[1]: Listening on Device-mapper event daemon FIFOs.
May 28 08:06:30 ubuntu systemd[1]: Mounting POSIX Message Queue File System...
May 28 08:06:30 ubuntu systemd[1]: Reached target User and Group Name Lookups.
May 28 08:06:30 ubuntu systemd[1]: Starting Uncomplicated firewall...
May 28 08:06:30 ubuntu systemd[1]: Starting Monitoring of LVM2 mirrors, snapshots etc. using dmeventd or progress polling...
May 28 08:06:30 ubuntu systemd[1]: Listening on fsck to fsckd communication Socket.
May 28 08:06:30 ubuntu systemd[1]: Listening on /dev/initctl Compatibility Named Pipe.
May 28 08:06:30 ubuntu systemd[1]: Starting Nameserver information manager...
May 28 08:06:30 ubuntu systemd[1]: Started Read required files in advance.
May 28 08:06:30 ubuntu systemd[1]: Listening on udev Kernel Socket.
May 28 08:06:30 ubuntu systemd[1]: Set up automount Arbitrary Executable File Formats File System Automount Point.
May 28 08:06:30 ubuntu systemd[1]: Listening on Syslog Socket.
May 28 08:06:30 ubuntu systemd[1]: Starting Journal Service...
May 28 08:06:30 ubuntu systemd[1]: Listening on udev Control Socket.
May 28 08:06:30 ubuntu systemd[1]: Started Trigger resolvconf update for networkd DNS.
May 28 08:06:30 ubuntu systemd[1]: Starting Set console keymap...
May 28 08:06:30 ubuntu systemd[1]: Started Create list of required static device nodes for the current kernel.
May 28 08:06:30 ubuntu systemd[1]: Started Uncomplicated firewall.
May 28 08:06:30 ubuntu systemd[1]: Starting Create Static Device Nodes in /dev...
May 28 08:06:30 ubuntu kernel: Loading iSCSI transport class v2.0-870.
May 28 08:06:30 ubuntu systemd[1]: Mounted POSIX Message Queue File System.
May 28 08:06:30 ubuntu systemd[1]: Mounted Huge Pages File System.
May 28 08:06:30 ubuntu systemd[1]: Mounted Debug File System.
May 28 08:06:30 ubuntu kernel: iscsi: registered transport (tcp)
May 28 08:06:30 ubuntu systemd-journald[364]: Journal started
May 28 08:06:30 ubuntu systemd-modules-load[347]: Inserted module 'iscsi_tcp'
May 28 08:06:30 ubuntu systemd[1]: Started Journal Service.
May 28 08:06:30 ubuntu systemd[1]: Started Nameserver information manager.
May 28 08:06:30 ubuntu systemd[1]: Reached target Network (Pre).
May 28 08:06:30 ubuntu loadkeys[367]: Loading /etc/console-setup/cached.kmap.gz
May 28 08:06:30 ubuntu systemd[1]: Started Set console keymap.
May 28 08:06:30 ubuntu systemd-modules-load[347]: Inserted module 'ib_iser'
May 28 08:06:30 ubuntu systemd[1]: Started Load Kernel Modules.
May 28 08:06:30 ubuntu kernel: iscsi: registered transport (iser)
May 28 08:06:30 ubuntu systemd[1]: Starting Apply Kernel Variables...
May 28 08:06:30 ubuntu systemd[1]: Mounting FUSE Control File System...
May 28 08:06:30 ubuntu systemd[1]: Mounted FUSE Control File System.
May 28 08:06:30 ubuntu systemd[1]: Started LVM2 metadata daemon.
May 28 08:06:30 ubuntu systemd[1]: Started Apply Kernel Variables.
May 28 08:06:30 ubuntu systemd[1]: Started Create Static Device Nodes in /dev.
May 28 08:06:30 ubuntu systemd[1]: Starting udev Kernel Device Manager...
May 28 08:06:31 ubuntu systemd[1]: Started udev Kernel Device Manager.
May 28 08:06:31 ubuntu systemd[1]: Starting Remount Root and Kernel File Systems...
May 28 08:06:31 ubuntu systemd[1]: Started Remount Root and Kernel File Systems.
May 28 08:06:31 ubuntu kernel: EXT4-fs (sdb5): re-mounted. Opts: errors=remount-ro
May 28 08:06:32 ubuntu systemd[1]: Starting udev Coldplug all Devices...
May 28 08:06:32 ubuntu systemd[1]: Starting Load/Save Random Seed...
May 28 08:06:32 ubuntu systemd[1]: Starting Flush Journal to Persistent Storage...
May 28 08:06:32 ubuntu systemd[1]: Started Monitoring of LVM2 mirrors, snapshots etc. using dmeventd or progress polling.
May 28 08:06:32 ubuntu systemd[1]: Reached target Local File Systems (Pre).
May 28 08:06:32 ubuntu systemd[1]: Reached target Local File Systems.
May 28 08:06:32 ubuntu systemd[1]: Starting Tell Plymouth To Write Out Runtime Data...
May 28 08:06:32 ubuntu systemd[1]: Starting Enable support for additional executable binary formats...
May 28 08:06:32 ubuntu systemd[1]: Starting Set console font and keymap...
May 28 08:06:32 ubuntu systemd[1]: Starting LSB: AppArmor initialization...
May 28 08:06:32 ubuntu systemd[1]: Started Load/Save Random Seed.
May 28 08:06:32 ubuntu systemd[1]: Started udev Coldplug all Devices.
May 28 08:06:32 ubuntu systemd[1]: Started Dispatch Password Requests to Console Directory Watch.
May 28 08:06:32 ubuntu systemd[1]: Started Flush Journal to Persistent Storage.
May 28 08:06:32 ubuntu systemd[1]: Starting Create Volatile Files and Directories...
May 28 08:06:32 ubuntu systemd-tmpfiles[514]: [/usr/lib/tmpfiles.d/var.conf:14] Duplicate line for path "/var/log", ignoring.
May 28 08:06:32 ubuntu systemd[1]: Started Tell Plymouth To Write Out Runtime Data.
May 28 08:06:32 ubuntu systemd[1]: proc-sys-fs-binfmt_misc.automount: Got automount request for /proc/sys/fs/binfmt_misc, triggered by 449 (update-binfmts)
May 28 08:06:32 ubuntu systemd[1]: Mounting Arbitrary Executable File Formats File System...
May 28 08:06:32 ubuntu systemd[1]: Mounted Arbitrary Executable File Formats File System.
May 28 08:06:32 ubuntu systemd[1]: Started Enable support for additional executable binary formats.
May 28 08:06:32 ubuntu kernel: EDAC MC: Ver: 3.0.0
May 28 08:06:32 ubuntu kernel: ACPI Warning: SystemIO range 0x0000000000000428-0x000000000000042F conflicts with OpRegion 0x0000000000000400-0x000000000000047F (\PMIO) (20150930/utaddress-254)
May 28 08:06:32 ubuntu kernel: ACPI: If an ACPI driver is available for this device, you should use it instead of the native driver
May 28 08:06:32 ubuntu kernel: ACPI Warning: SystemIO range 0x0000000000000540-0x000000000000054F conflicts with OpRegion 0x0000000000000500-0x0000000000000563 (\GPIO) (20150930/utaddress-254)
May 28 08:06:32 ubuntu kernel: ACPI Warning: SystemIO range 0x0000000000000540-0x000000000000054F conflicts with OpRegion 0x0000000000000500-0x000000000000057F (\_SB_.PCI0.EHC1.GPSS) (20150930/utaddress-254)
May 28 08:06:32 ubuntu kernel: ACPI: If an ACPI driver is available for this device, you should use it instead of the native driver
May 28 08:06:32 ubuntu kernel: ACPI Warning: SystemIO range 0x0000000000000530-0x000000000000053F conflicts with OpRegion 0x0000000000000500-0x0000000000000563 (\GPIO) (20150930/utaddress-254)
May 28 08:06:32 ubuntu kernel: ACPI Warning: SystemIO range 0x0000000000000530-0x000000000000053F conflicts with OpRegion 0x0000000000000500-0x000000000000057F (\_SB_.PCI0.EHC1.GPSS) (20150930/utaddress-254)
May 28 08:06:32 ubuntu kernel: ACPI: If an ACPI driver is available for this device, you should use it instead of the native driver
May 28 08:06:32 ubuntu kernel: ACPI Warning: SystemIO range 0x0000000000000500-0x000000000000052F conflicts with OpRegion 0x0000000000000500-0x0000000000000563 (\GPIO) (20150930/utaddress-254)
May 28 08:06:32 ubuntu kernel: ACPI Warning: SystemIO range 0x0000000000000500-0x000000000000052F conflicts with OpRegion 0x0000000000000500-0x000000000000057F (\_SB_.PCI0.EHC1.GPSS) (20150930/utaddress-254)
May 28 08:06:32 ubuntu kernel: ACPI: If an ACPI driver is available for this device, you should use it instead of the native driver
May 28 08:06:32 ubuntu kernel: lpc_ich: Resource conflict(s) found affecting gpio_ich
May 28 08:06:32 ubuntu kernel: shpchp: Standard Hot Plug PCI Controller Driver version: 0.4
May 28 08:06:32 ubuntu systemd[1]: Created slice system-systemd\x2dbacklight.slice.
May 28 08:06:32 ubuntu systemd[1]: Starting Load/Save Screen Backlight Brightness of backlight:acpi_video0...
May 28 08:06:32 ubuntu systemd[1]: Started Set console font and keymap.
May 28 08:06:32 ubuntu systemd[1]: Created slice system-getty.slice.
May 28 08:06:32 ubuntu apparmor[453]:  * Starting AppArmor profiles
May 28 08:06:32 ubuntu kernel: kvm: disabled by bios
May 28 08:06:32 ubuntu kernel: kvm: disabled by bios
May 28 08:06:32 ubuntu systemd[1]: Started Load/Save Screen Backlight Brightness of backlight:acpi_video0.
May 28 08:06:32 ubuntu systemd[1]: Started Create Volatile Files and Directories.
May 28 08:06:32 ubuntu kernel: snd_hda_codec_realtek hdaudioC0D0: autoconfig for ALC656: line_outs=1 (0x14/0x0/0x0/0x0/0x0) type:line
May 28 08:06:32 ubuntu kernel: snd_hda_codec_realtek hdaudioC0D0:    speaker_outs=0 (0x0/0x0/0x0/0x0/0x0)
May 28 08:06:32 ubuntu kernel: snd_hda_codec_realtek hdaudioC0D0:    hp_outs=1 (0x1b/0x0/0x0/0x0/0x0)
May 28 08:06:32 ubuntu kernel: snd_hda_codec_realtek hdaudioC0D0:    mono: mono_out=0x0
May 28 08:06:32 ubuntu kernel: snd_hda_codec_realtek hdaudioC0D0:    inputs:
May 28 08:06:32 ubuntu kernel: snd_hda_codec_realtek hdaudioC0D0:      Front Mic=0x19
May 28 08:06:32 ubuntu kernel: snd_hda_codec_realtek hdaudioC0D0:      Rear Mic=0x18
May 28 08:06:32 ubuntu kernel: snd_hda_codec_realtek hdaudioC0D0:      Line=0x1a
May 28 08:06:32 ubuntu kernel: input: HDA Intel PCH Front Mic as /devices/pci0000:00/0000:00:1b.0/sound/card0/input9
May 28 08:06:32 ubuntu kernel: input: HDA Intel PCH Rear Mic as /devices/pci0000:00/0000:00:1b.0/sound/card0/input10
May 28 08:06:32 ubuntu kernel: input: HDA Intel PCH Line as /devices/pci0000:00/0000:00:1b.0/sound/card0/input11
May 28 08:06:32 ubuntu kernel: input: HDA Intel PCH Line Out as /devices/pci0000:00/0000:00:1b.0/sound/card0/input12
May 28 08:06:32 ubuntu kernel: input: HDA Intel PCH Front Headphone as /devices/pci0000:00/0000:00:1b.0/sound/card0/input13
May 28 08:06:32 ubuntu systemd[1]: Starting Update UTMP about System Boot/Shutdown...
May 28 08:06:33 ubuntu kernel: intel_rapl: Found RAPL domain package
May 28 08:06:33 ubuntu kernel: intel_rapl: Found RAPL domain core
May 28 08:06:33 ubuntu kernel: intel_rapl: Found RAPL domain uncore
May 28 08:06:33 ubuntu kernel: intel_rapl: RAPL package 0 domain package locked by BIOS
May 28 08:06:33 ubuntu systemd[1]: Starting Network Time Synchronization...
May 28 08:06:33 ubuntu systemd[1]: Started Update UTMP about System Boot/Shutdown.
May 28 08:06:33 ubuntu systemd[1]: Started Network Time Synchronization.
May 28 08:06:33 ubuntu systemd[1]: Listening on Load/Save RF Kill Switch Status /dev/rfkill Watch.
May 28 08:06:33 ubuntu systemd[1]: Reached target System Time Synchronized.
May 28 08:06:33 ubuntu systemd[1]: Found device RTL8111/8168/8411 PCI Express Gigabit Ethernet Controller.
May 28 08:06:33 ubuntu systemd[1]: Reached target Sound Card.
May 28 08:06:33 ubuntu kernel: ppdev: user-space parallel port driver
May 28 08:06:33 ubuntu apparmor[453]: Skipping profile in /etc/apparmor.d/disable: usr.bin.firefox
May 28 08:06:34 ubuntu audit[827]: AVC apparmor="STATUS" operation="profile_load" profile="unconfined" name="/usr/bin/lxc-start" pid=827 comm="apparmor_parser"
May 28 08:06:34 ubuntu kernel: audit: type=1400 audit(1527465994.117:2): apparmor="STATUS" operation="profile_load" profile="unconfined" name="/usr/bin/lxc-start" pid=827 comm="apparmor_parser"
May 28 08:06:34 ubuntu audit[828]: AVC apparmor="STATUS" operation="profile_load" profile="unconfined" name="/usr/lib/lxd/lxd-bridge-proxy" pid=828 comm="apparmor_parser"
May 28 08:06:34 ubuntu apparmor[453]: Skipping profile in /etc/apparmor.d/disable: usr.sbin.rsyslogd
May 28 08:06:34 ubuntu kernel: audit: type=1400 audit(1527465994.697:3): apparmor="STATUS" operation="profile_load" profile="unconfined" name="/usr/lib/lxd/lxd-bridge-proxy" pid=828 comm="apparmor_parser"
May 28 08:06:34 ubuntu audit[825]: AVC apparmor="STATUS" operation="profile_load" profile="unconfined" name="/sbin/dhclient" pid=825 comm="apparmor_parser"
May 28 08:06:34 ubuntu audit[825]: AVC apparmor="STATUS" operation="profile_load" profile="unconfined" name="/usr/lib/NetworkManager/nm-dhcp-client.action" pid=825 comm="apparmor_parser"
May 28 08:06:34 ubuntu audit[825]: AVC apparmor="STATUS" operation="profile_load" profile="unconfined" name="/usr/lib/NetworkManager/nm-dhcp-helper" pid=825 comm="apparmor_parser"
May 28 08:06:34 ubuntu audit[825]: AVC apparmor="STATUS" operation="profile_load" profile="unconfined" name="/usr/lib/connman/scripts/dhclient-script" pid=825 comm="apparmor_parser"
May 28 08:06:34 ubuntu kernel: audit: type=1400 audit(1527465994.705:4): apparmor="STATUS" operation="profile_load" profile="unconfined" name="/sbin/dhclient" pid=825 comm="apparmor_parser"
May 28 08:06:34 ubuntu kernel: audit: type=1400 audit(1527465994.705:5): apparmor="STATUS" operation="profile_load" profile="unconfined" name="/usr/lib/NetworkManager/nm-dhcp-client.action" pid=825 comm="apparmor_parser"
May 28 08:06:34 ubuntu kernel: audit: type=1400 audit(1527465994.705:6): apparmor="STATUS" operation="profile_load" profile="unconfined" name="/usr/lib/NetworkManager/nm-dhcp-helper" pid=825 comm="apparmor_parser"
May 28 08:06:34 ubuntu kernel: audit: type=1400 audit(1527465994.705:7): apparmor="STATUS" operation="profile_load" profile="unconfined" name="/usr/lib/connman/scripts/dhclient-script" pid=825 comm="apparmor_parser"
May 28 08:06:34 ubuntu audit[824]: AVC apparmor="STATUS" operation="profile_load" profile="unconfined" name="lxc-container-default" pid=824 comm="apparmor_parser"
May 28 08:06:34 ubuntu audit[824]: AVC apparmor="STATUS" operation="profile_load" profile="unconfined" name="lxc-container-default-cgns" pid=824 comm="apparmor_parser"
May 28 08:06:34 ubuntu audit[824]: AVC apparmor="STATUS" operation="profile_load" profile="unconfined" name="lxc-container-default-with-mounting" pid=824 comm="apparmor_parser"
May 28 08:06:34 ubuntu audit[824]: AVC apparmor="STATUS" operation="profile_load" profile="unconfined" name="lxc-container-default-with-nesting" pid=824 comm="apparmor_parser"
May 28 08:06:34 ubuntu kernel: audit: type=1400 audit(1527465994.709:8): apparmor="STATUS" operation="profile_load" profile="unconfined" name="lxc-container-default" pid=824 comm="apparmor_parser"
May 28 08:06:34 ubuntu kernel: audit: type=1400 audit(1527465994.709:9): apparmor="STATUS" operation="profile_load" profile="unconfined" name="lxc-container-default-cgns" pid=824 comm="apparmor_parser"
May 28 08:06:34 ubuntu kernel: audit: type=1400 audit(1527465994.709:10): apparmor="STATUS" operation="profile_load" profile="unconfined" name="lxc-container-default-with-mounting" pid=824 comm="apparmor_parser"
May 28 08:06:34 ubuntu kernel: audit: type=1400 audit(1527465994.709:11): apparmor="STATUS" operation="profile_load" profile="unconfined" name="lxc-container-default-with-nesting" pid=824 comm="apparmor_parser"
May 28 08:06:34 ubuntu audit[832]: AVC apparmor="STATUS" operation="profile_load" profile="unconfined" name="/usr/sbin/tcpdump" pid=832 comm="apparmor_parser"
May 28 08:06:34 ubuntu audit[829]: AVC apparmor="STATUS" operation="profile_load" profile="unconfined" name="/usr/lib/snapd/snap-confine" pid=829 comm="apparmor_parser"
May 28 08:06:34 ubuntu audit[829]: AVC apparmor="STATUS" operation="profile_load" profile="unconfined" name="/usr/lib/snapd/snap-confine//mount-namespace-capture-helper" pid=829 comm="apparmor_parser"
May 28 08:06:34 ubuntu audit[829]: AVC apparmor="STATUS" operation="profile_load" profile="unconfined" name="/usr/lib/snapd/snap-confine//snap_update_ns" pid=829 comm="apparmor_parser"
May 28 08:06:34 ubuntu apparmor[453]:    ...done.
May 28 08:06:34 ubuntu systemd[1]: Started LSB: AppArmor initialization.
May 28 08:06:34 ubuntu systemd[1]: Started ifup for enp5s0.
May 28 08:06:34 ubuntu systemd[1]: Starting Raise network interfaces...
May 28 08:06:34 ubuntu dhclient[853]: Internet Systems Consortium DHCP Client 4.3.3
May 28 08:06:34 ubuntu sh[837]: Internet Systems Consortium DHCP Client 4.3.3
May 28 08:06:34 ubuntu sh[837]: Copyright 2004-2015 Internet Systems Consortium.
May 28 08:06:34 ubuntu sh[837]: All rights reserved.
May 28 08:06:34 ubuntu sh[837]: For info, please visit https://www.isc.org/software/dhcp/
May 28 08:06:34 ubuntu dhclient[853]: Copyright 2004-2015 Internet Systems Consortium.
May 28 08:06:34 ubuntu dhclient[853]: All rights reserved.
May 28 08:06:34 ubuntu dhclient[853]: For info, please visit https://www.isc.org/software/dhcp/
May 28 08:06:34 ubuntu dhclient[853]: 
May 28 08:06:35 ubuntu systemd-udevd[510]: Process '/lib/udev/hdparm' failed with exit code 5.
May 28 08:06:35 ubuntu kernel: r8169 0000:05:00.0 enp5s0: link down
May 28 08:06:35 ubuntu kernel: r8169 0000:05:00.0 enp5s0: link down
May 28 08:06:35 ubuntu kernel: IPv6: ADDRCONF(NETDEV_UP): enp5s0: link is not ready
May 28 08:06:35 ubuntu dhclient[853]: Listening on LPF/enp5s0/6c:3b:e5:1f:c2:93
May 28 08:06:35 ubuntu dhclient[853]: Sending on   LPF/enp5s0/6c:3b:e5:1f:c2:93
May 28 08:06:35 ubuntu sh[837]: Listening on LPF/enp5s0/6c:3b:e5:1f:c2:93
May 28 08:06:35 ubuntu sh[837]: Sending on   LPF/enp5s0/6c:3b:e5:1f:c2:93
May 28 08:06:35 ubuntu sh[837]: Sending on   Socket/fallback
May 28 08:06:35 ubuntu sh[837]: DHCPDISCOVER on enp5s0 to 255.255.255.255 port 67 interval 3 (xid=0x2575f473)
May 28 08:06:35 ubuntu dhclient[853]: Sending on   Socket/fallback
May 28 08:06:35 ubuntu dhclient[853]: DHCPDISCOVER on enp5s0 to 255.255.255.255 port 67 interval 3 (xid=0x2575f473)
May 28 08:06:35 ubuntu systemd[1]: Found device WDC_WD10EZEX-08WN4A0 6.
May 28 08:06:35 ubuntu systemd[1]: Activating swap /dev/disk/by-uuid/0b3dff44-a4cf-4c25-a709-b67ecd86164f...
May 28 08:06:35 ubuntu kernel: Adding 998396k swap on /dev/sdb6.  Priority:-1 extents:1 across:998396k FS
May 28 08:06:35 ubuntu systemd[1]: Activated swap /dev/disk/by-uuid/0b3dff44-a4cf-4c25-a709-b67ecd86164f.
May 28 08:06:35 ubuntu systemd[1]: Reached target Swap.
May 28 08:06:35 ubuntu systemd[1]: Reached target System Initialization.
May 28 08:06:35 ubuntu systemd[1]: Starting Socket activation for snappy daemon.
May 28 08:06:35 ubuntu systemd[1]: Started Daily apt download activities.
May 28 08:06:35 ubuntu systemd[1]: Started Daily apt upgrade and clean activities.
May 28 08:06:35 ubuntu systemd[1]: Listening on UUID daemon activation socket.
May 28 08:06:35 ubuntu systemd[1]: Started Timer to automatically refresh installed snaps.
May 28 08:06:35 ubuntu systemd[1]: Started Daily Cleanup of Temporary Directories.
May 28 08:06:35 ubuntu systemd[1]: Starting LXD - unix socket.
May 28 08:06:35 ubuntu systemd[1]: Started ACPI Events Check.
May 28 08:06:35 ubuntu systemd[1]: Reached target Paths.
May 28 08:06:35 ubuntu systemd[1]: Listening on ACPID Listen Socket.
May 28 08:06:35 ubuntu systemd[1]: Listening on D-Bus System Message Bus Socket.
May 28 08:06:35 ubuntu systemd[1]: Reached target Timers.
May 28 08:06:35 ubuntu systemd[1]: Listening on Socket activation for snappy daemon.
May 28 08:06:35 ubuntu systemd[1]: Listening on LXD - unix socket.
May 28 08:06:35 ubuntu systemd[1]: Reached target Sockets.
May 28 08:06:35 ubuntu systemd[1]: Reached target Basic System.
May 28 08:06:35 ubuntu systemd[1]: Starting LXD - container startup/shutdown...
May 28 08:06:35 ubuntu systemd[1]: Starting Login Service...
May 28 08:06:35 ubuntu systemd[1]: Started FUSE filesystem for LXC.
May 28 08:06:35 ubuntu systemd[1]: Starting Snappy daemon...
May 28 08:06:35 ubuntu systemd[1]: Started Regular background program processing daemon.
May 28 08:06:35 ubuntu cron[953]: (CRON) INFO (pidfile fd = 3)
May 28 08:06:35 ubuntu systemd[1]: Started D-Bus System Message Bus.
May 28 08:06:35 ubuntu kernel: cgroup: new mount options do not match the existing superblock, will be ignored
May 28 08:06:35 ubuntu lxcfs[945]: hierarchies:
May 28 08:06:35 ubuntu lxcfs[945]:   0: fd:   5: blkio
May 28 08:06:35 ubuntu lxcfs[945]:   1: fd:   6: devices
May 28 08:06:35 ubuntu lxcfs[945]:   2: fd:   7: pids
May 28 08:06:35 ubuntu lxcfs[945]:   3: fd:   8: hugetlb
May 28 08:06:35 ubuntu lxcfs[945]:   4: fd:   9: perf_event
May 28 08:06:35 ubuntu lxcfs[945]:   5: fd:  10: cpu,cpuacct
May 28 08:06:35 ubuntu lxcfs[945]:   6: fd:  11: cpuset
May 28 08:06:35 ubuntu lxcfs[945]:   7: fd:  12: freezer
May 28 08:06:35 ubuntu lxcfs[945]:   8: fd:  13: net_cls,net_prio
May 28 08:06:35 ubuntu lxcfs[945]:   9: fd:  14: memory
May 28 08:06:35 ubuntu lxcfs[945]:  10: fd:  15: name=systemd
May 28 08:06:35 ubuntu cron[953]: (CRON) INFO (Running @reboot jobs)
May 28 08:06:35 ubuntu dbus[955]: [system] AppArmor D-Bus mediation is enabled
May 28 08:06:35 ubuntu systemd[1]: Starting System Logging Service...
May 28 08:06:35 ubuntu systemd[1]: Starting Accounts Service...
May 28 08:06:35 ubuntu systemd[1]: Started Deferred execution scheduler.
May 28 08:06:35 ubuntu systemd[1]: Starting LSB: Record successful boot for GRUB...
May 28 08:06:35 ubuntu systemd[1]: Starting LSB: MD monitoring daemon...
May 28 08:06:35 ubuntu systemd[1]: Started ACPI event daemon.
May 28 08:06:36 ubuntu acpid[982]: starting up with netlink and the input layer
May 28 08:06:36 ubuntu mdadm[977]:  * Starting MD monitoring service mdadm --monitor
May 28 08:06:36 ubuntu systemd[1]: Started Login Service.
May 28 08:06:36 ubuntu systemd-logind[943]: New seat seat0.
May 28 08:06:36 ubuntu ifup[986]: /sbin/ifup: waiting for lock on /run/network/ifstate.enp5s0
May 28 08:06:36 ubuntu systemd-logind[943]: Watching system buttons on /dev/input/event1 (Power Button)
May 28 08:06:36 ubuntu systemd-logind[943]: Watching system buttons on /dev/input/event2 (Video Bus)
May 28 08:06:36 ubuntu systemd-logind[943]: Watching system buttons on /dev/input/event0 (Power Button)
May 28 08:06:36 ubuntu mdadm[977]:    ...done.
May 28 08:06:36 ubuntu systemd[1]: Started LSB: MD monitoring daemon.
May 28 08:06:36 ubuntu acpid[982]: 1 rule loaded
May 28 08:06:36 ubuntu acpid[982]: waiting for events: event logging is off
May 28 08:06:36 ubuntu systemd[1]: Started System Logging Service.
May 28 08:06:36 ubuntu systemd[1]: Started LSB: Record successful boot for GRUB.
May 28 08:06:36 ubuntu dbus[955]: [system] Activating via systemd: service name='org.freedesktop.PolicyKit1' unit='polkitd.service'
May 28 08:06:36 ubuntu systemd[1]: Starting Authenticate and Authorize Users to Run Privileged Tasks...
May 28 08:06:36 ubuntu polkitd[1037]: started daemon version 0.105 using authority implementation `local' version `0.105'
May 28 08:06:36 ubuntu dbus[955]: [system] Successfully activated service 'org.freedesktop.PolicyKit1'
May 28 08:06:36 ubuntu systemd[1]: Started Authenticate and Authorize Users to Run Privileged Tasks.
May 28 08:06:36 ubuntu accounts-daemon[969]: started daemon version 0.6.40
May 28 08:06:36 ubuntu systemd[1]: Started Accounts Service.
May 28 08:06:36 ubuntu systemd[1]: Started LXD - container startup/shutdown.
May 28 08:06:36 ubuntu snapd[951]: AppArmor status: apparmor is enabled and all features are available
May 28 08:06:36 ubuntu snapd[951]: 2018/05/28 08:06:36.576535 daemon.go:306: started snapd/2.29.4.2 (series 16; classic) ubuntu/16.04 (i386) linux/4.4.0-116-generic.
May 28 08:06:36 ubuntu systemd[1]: Started Snappy daemon.
May 28 08:06:36 ubuntu snapd[951]: 2018/05/28 08:06:36.610871 stateengine.go:98: state ensure error: Get https://api.snapcraft.io/api/v1/snaps/sections: dial tcp: lookup api.snapcraft.io on [::1]:53: read udp [::1]:33948->[::1]:53: read: connection refused
May 28 08:06:37 ubuntu kernel: r8169 0000:05:00.0 enp5s0: link up
May 28 08:06:37 ubuntu kernel: IPv6: ADDRCONF(NETDEV_CHANGE): enp5s0: link becomes ready
May 28 08:06:38 ubuntu dhclient[853]: DHCPDISCOVER on enp5s0 to 255.255.255.255 port 67 interval 4 (xid=0x2575f473)
May 28 08:06:38 ubuntu sh[837]: DHCPDISCOVER on enp5s0 to 255.255.255.255 port 67 interval 4 (xid=0x2575f473)
May 28 08:06:39 ubuntu dhclient[853]: DHCPREQUEST of 192.168.1.102 on enp5s0 to 255.255.255.255 port 67 (xid=0x73f47525)
May 28 08:06:39 ubuntu sh[837]: DHCPREQUEST of 192.168.1.102 on enp5s0 to 255.255.255.255 port 67 (xid=0x73f47525)
May 28 08:06:39 ubuntu sh[837]: DHCPOFFER of 192.168.1.102 from 192.168.1.1
May 28 08:06:39 ubuntu dhclient[853]: DHCPOFFER of 192.168.1.102 from 192.168.1.1
May 28 08:06:39 ubuntu dhclient[853]: DHCPACK of 192.168.1.102 from 192.168.1.1
May 28 08:06:39 ubuntu sh[837]: DHCPACK of 192.168.1.102 from 192.168.1.1
May 28 08:06:39 ubuntu systemd[1]: Starting LSB: start Samba SMB/CIFS daemon (smbd)...
May 28 08:06:40 ubuntu smbd[1070]:  * Starting SMB/CIFS daemon smbd
May 28 08:06:40 ubuntu smbd[1070]:    ...done.
May 28 08:06:40 ubuntu systemd[1]: Started LSB: start Samba SMB/CIFS daemon (smbd).
May 28 08:06:40 ubuntu dhclient[853]: bound to 192.168.1.102 -- renewal in 3243 seconds.
May 28 08:06:40 ubuntu sh[837]: bound to 192.168.1.102 -- renewal in 3243 seconds.
May 28 08:06:40 ubuntu systemd[1]: Started Raise network interfaces.
May 28 08:06:40 ubuntu systemd[1]: Reached target Network.
May 28 08:06:40 ubuntu systemd[1]: Reached target Network is Online.
May 28 08:06:40 ubuntu systemd[1]: Starting Daily apt download activities...
May 28 08:06:40 ubuntu systemd[1]: Starting iSCSI initiator daemon (iscsid)...
May 28 08:06:40 ubuntu systemd[1]: Starting OpenBSD Secure Shell server...
May 28 08:06:40 ubuntu systemd[1]: Started Unattended Upgrades Shutdown.
May 28 08:06:40 ubuntu systemd[1]: Starting /etc/rc.local Compatibility...
May 28 08:06:40 ubuntu systemd[1]: Started /etc/rc.local Compatibility.
May 28 08:06:40 ubuntu iscsid[1192]: iSCSI logger with pid=1195 started!
May 28 08:06:40 ubuntu systemd[1]: Started iSCSI initiator daemon (iscsid).
May 28 08:06:40 ubuntu systemd[1]: Starting Login to default iSCSI targets...
May 28 08:06:40 ubuntu iscsiadm[1202]: iscsiadm: No records found
May 28 08:06:40 ubuntu systemd[1]: Started Login to default iSCSI targets.
May 28 08:06:40 ubuntu systemd[1]: Reached target Remote File Systems (Pre).
May 28 08:06:40 ubuntu systemd[1]: Reached target Remote File Systems.
May 28 08:06:40 ubuntu systemd[1]: Starting Permit User Sessions...
May 28 08:06:40 ubuntu systemd[1]: Starting LSB: start Winbind daemon...
May 28 08:06:40 ubuntu systemd[1]: Starting LSB: Set the CPU Frequency Scaling governor to "ondemand"...
May 28 08:06:40 ubuntu systemd[1]: Starting LSB: VirtualBox Linux kernel module...
May 28 08:06:40 ubuntu systemd[1]: Starting LSB: start Samba NetBIOS nameserver (nmbd)...
May 28 08:06:40 ubuntu systemd[1]: Starting LSB: daemon to balance interrupts for SMP systems...
May 28 08:06:40 ubuntu systemd[1]: Starting LSB: start Samba daemons for the AD DC...
May 28 08:06:40 ubuntu systemd[1]: Starting LSB: automatic crash report generation...
May 28 08:06:40 ubuntu systemd[1]: Started Permit User Sessions.
May 28 08:06:40 ubuntu systemd[1]: Started LSB: Set the CPU Frequency Scaling governor to "ondemand".
May 28 08:06:40 ubuntu irqbalance[1227]:  * Starting SMP IRQ Balancer: irqbalance
May 28 08:06:40 ubuntu apport[1235]:  * Starting automatic crash report generation: apport
May 28 08:06:40 ubuntu irqbalance[1227]:    ...done.
May 28 08:06:40 ubuntu systemd[1]: Starting Terminate Plymouth Boot Screen...
May 28 08:06:40 ubuntu systemd[1]: Starting Hold until boot process finishes up...
May 28 08:06:40 ubuntu sshd[1184]: Server listening on 0.0.0.0 port 22.
May 28 08:06:40 ubuntu systemd[1]: Started LSB: daemon to balance interrupts for SMP systems.
May 28 08:06:40 ubuntu sshd[1184]: Server listening on :: port 22.
May 28 08:06:40 ubuntu systemd[1]: Started Hold until boot process finishes up.
May 28 08:06:40 ubuntu systemd[1]: Started OpenBSD Secure Shell server.
May 28 08:06:40 ubuntu apport[1235]:    ...done.
May 28 08:06:40 ubuntu systemd[1]: Started Terminate Plymouth Boot Screen.
May 28 08:06:40 ubuntu systemd[1]: Started LSB: automatic crash report generation.
May 28 08:06:40 ubuntu virtualbox[1219]:  * Loading VirtualBox kernel modules...
May 28 08:06:40 ubuntu systemd[1]: Started Getty on tty1.
May 28 08:06:40 ubuntu systemd[1]: Reached target Login Prompts.
May 28 08:06:40 ubuntu systemd[1]: Starting Set console scheme...
May 28 08:06:40 ubuntu kernel: vboxdrv: module verification failed: signature and/or required key missing - tainting kernel
May 28 08:06:40 ubuntu kernel: vboxdrv: Found 4 processor cores
May 28 08:06:40 ubuntu systemd[1]: Started Set console scheme.
May 28 08:06:40 ubuntu kernel: vboxdrv: TSC mode is Invariant, tentative frequency 3292516174 Hz
May 28 08:06:40 ubuntu kernel: vboxdrv: Successfully loaded version 5.1.34_Ubuntu (interface 0x002a0000)
May 28 08:06:40 ubuntu kernel: VBoxNetFlt: Successfully started.
May 28 08:06:40 ubuntu kernel: VBoxNetAdp: Successfully started.
May 28 08:06:40 ubuntu kernel: VBoxPciLinuxInit
May 28 08:06:40 ubuntu virtualbox[1219]:    ...done.
May 28 08:06:40 ubuntu kernel: vboxpci: IOMMU not found (not registered)
May 28 08:06:40 ubuntu systemd[1]: Started LSB: VirtualBox Linux kernel module.
May 28 08:06:40 ubuntu winbind[1210]:  * Starting the Winbind daemon winbind
May 28 08:06:40 ubuntu systemd[1]: Started LSB: start Samba daemons for the AD DC.
May 28 08:06:40 ubuntu nmbd[1223]:  * Starting NetBIOS name server nmbd
May 28 08:06:40 ubuntu winbind[1210]:    ...done.
May 28 08:06:40 ubuntu systemd[1]: Started LSB: start Winbind daemon.
May 28 08:06:40 ubuntu nmbd[1223]:    ...done.
May 28 08:06:40 ubuntu systemd[1]: Started LSB: start Samba NetBIOS nameserver (nmbd).
May 28 08:06:40 ubuntu systemd[1]: Reached target Multi-User System.
May 28 08:06:40 ubuntu systemd[1]: Reached target Graphical Interface.
May 28 08:06:40 ubuntu systemd[1]: Started Stop ureadahead data collection 45s after completed startup.
May 28 08:06:40 ubuntu systemd[1]: Starting Update UTMP about System Runlevel Changes...
May 28 08:06:40 ubuntu systemd[1]: Started Update UTMP about System Runlevel Changes.
May 28 08:06:41 ubuntu iscsid[1195]: iSCSI daemon with pid=1196 started!
May 28 08:06:48 ubuntu systemd[1]: Time has been changed
May 28 08:06:48 ubuntu ntpdate[1143]: step time server 91.189.91.157 offset 0.768916 sec
May 28 08:06:54 ubuntu systemd[1]: Started Daily apt download activities.
May 28 08:06:54 ubuntu systemd[1]: Starting Daily apt upgrade and clean activities...
May 28 08:06:55 ubuntu systemd[1]: Started Daily apt upgrade and clean activities.
May 28 08:06:55 ubuntu systemd[1]: Startup finished in 4.374s (kernel) + 25.904s (userspace) = 30.279s.
May 28 08:07:04 ubuntu systemd-timesyncd[692]: Synchronized to time server 91.189.89.199:123 (ntp.ubuntu.com).
May 28 08:07:27 ubuntu systemd[1]: Starting Stop ureadahead data collection...
May 28 08:07:27 ubuntu systemd[1]: Stopped Read required files in advance.
May 28 08:07:27 ubuntu systemd[1]: Started Stop ureadahead data collection.
May 28 08:11:57 ubuntu login[1282]: pam_unix(login:session): session opened for user root by LOGIN(uid=0)
May 28 08:11:57 ubuntu systemd[1]: Created slice User Slice of root.
May 28 08:11:57 ubuntu systemd[1]: Starting User Manager for UID 0...
May 28 08:11:57 ubuntu systemd[2564]: pam_unix(systemd-user:session): session opened for user root by (uid=0)
May 28 08:11:57 ubuntu systemd-logind[943]: New session 1 of user root.
May 28 08:11:57 ubuntu systemd[1]: Started Session 1 of user root.
May 28 08:11:57 ubuntu systemd[2564]: Reached target Sockets.
May 28 08:11:57 ubuntu systemd[2564]: Reached target Paths.
May 28 08:11:57 ubuntu systemd[2564]: Reached target Timers.
May 28 08:11:57 ubuntu systemd[2564]: Reached target Basic System.
May 28 08:11:57 ubuntu systemd[2564]: Reached target Default.
May 28 08:11:57 ubuntu systemd[2564]: Startup finished in 62ms.
May 28 08:11:57 ubuntu systemd[1]: Started User Manager for UID 0.
May 28 08:11:57 ubuntu login[2574]: ROOT LOGIN  on '/dev/tty1'
May 28 08:11:59 ubuntu acpid[982]: client connected from 2619[0:0]
May 28 08:11:59 ubuntu acpid[982]: 1 client rule loaded
May 28 08:12:04 ubuntu dbus[955]: [system] Activating via systemd: service name='org.freedesktop.UPower' unit='upower.service'
May 28 08:12:04 ubuntu systemd[1]: Starting Daemon for power management...
May 28 08:12:04 ubuntu dbus[955]: [system] Successfully activated service 'org.freedesktop.UPower'
May 28 08:12:04 ubuntu systemd[1]: Started Daemon for power management.
May 28 08:12:04 ubuntu dbus[955]: [system] Activating via systemd: service name='org.freedesktop.UDisks2' unit='udisks2.service'
May 28 08:12:04 ubuntu systemd[1]: Starting Disk Manager...
May 28 08:12:04 ubuntu udisksd[2722]: udisks daemon version 2.1.7 starting
May 28 08:12:04 ubuntu dbus[955]: [system] Successfully activated service 'org.freedesktop.UDisks2'
May 28 08:12:04 ubuntu udisksd[2722]: Acquired the name org.freedesktop.UDisks2 on the system message bus
May 28 08:12:04 ubuntu systemd[1]: Started Disk Manager.
May 28 08:17:01 ubuntu CRON[3003]: pam_unix(cron:session): session opened for user root by (uid=0)
May 28 08:17:01 ubuntu CRON[3004]: (root) CMD (   cd / && run-parts --report /etc/cron.hourly)
May 28 08:17:01 ubuntu CRON[3003]: pam_unix(cron:session): session closed for user root
May 28 08:21:53 ubuntu systemd[1]: Starting Cleanup of Temporary Directories...
May 28 08:21:53 ubuntu systemd-tmpfiles[3023]: [/usr/lib/tmpfiles.d/var.conf:14] Duplicate line for path "/var/log", ignoring.
May 28 08:21:53 ubuntu systemd[1]: Started Cleanup of Temporary Directories.
May 28 08:25:19 ubuntu kernel: show_signal_msg: 12 callbacks suppressed
May 28 08:25:19 ubuntu kernel: client1[3170]: segfault at 0 ip 0805bb69 sp bfe32db8 error 4 in client1[8048000+7e000]
May 28 08:33:51 ubuntu acpid[982]: client 2619[0:0] has disconnected
May 28 08:33:53 ubuntu acpid[982]: client connected from 3755[0:0]
May 28 08:33:53 ubuntu acpid[982]: 1 client rule loaded
May 28 08:34:40 ubuntu systemd[1]: Started Getty on tty2.
May 28 08:34:41 ubuntu systemd[1]: Started Getty on tty6.
May 28 08:35:36 ubuntu acpid[982]: client 3755[0:0] has disconnected
May 28 08:35:38 ubuntu acpid[982]: client connected from 3995[0:0]
May 28 08:35:38 ubuntu acpid[982]: 1 client rule loaded
May 28 08:36:36 ubuntu acpid[982]: client 3995[0:0] has disconnected
May 28 08:36:37 ubuntu acpid[982]: client connected from 4133[0:0]
May 28 08:36:37 ubuntu acpid[982]: 1 client rule loaded
May 28 08:37:15 ubuntu acpid[982]: client 4133[0:0] has disconnected
May 28 08:37:16 ubuntu acpid[982]: client connected from 4248[0:0]
May 28 08:37:16 ubuntu acpid[982]: 1 client rule loaded
May 28 09:00:44 ubuntu dhclient[1111]: DHCPREQUEST of 192.168.1.102 on enp5s0 to 192.168.1.1 port 67 (xid=0x73f47525)
May 28 09:00:44 ubuntu dhclient[1111]: DHCPACK of 192.168.1.102 from 192.168.1.1
May 28 09:00:44 ubuntu systemd[1]: Reloading LSB: start Samba SMB/CIFS daemon (smbd).
May 28 09:00:44 ubuntu smbd[5925]:  * Reloading /etc/samba/smb.conf smbd
May 28 09:00:44 ubuntu smbd[5925]:    ...done.
May 28 09:00:44 ubuntu systemd[1]: Reloaded LSB: start Samba SMB/CIFS daemon (smbd).
May 28 09:00:44 ubuntu dhclient[1111]: bound to 192.168.1.102 -- renewal in 2788 seconds.
May 28 09:17:01 ubuntu CRON[5953]: pam_unix(cron:session): session opened for user root by (uid=0)
May 28 09:17:01 ubuntu CRON[5954]: (root) CMD (   cd / && run-parts --report /etc/cron.hourly)
May 28 09:17:01 ubuntu CRON[5953]: pam_unix(cron:session): session closed for user root
